###############################################################################
#
# IAR ELF Linker V7.70.1.11437/W32 for ARM                01/Mar/2019  17:05:21
# Copyright 2007-2016 IAR Systems AB.
#
#    Output file  =  
#        D:\Embedded_Project\IAR_Project\RTOSfree\FreeRTOS_STM32F103\EWARM\FreeRTOS_STM32F103\Exe\FreeRTOS_STM32F103.out
#    Map file     =  
#        D:\Embedded_Project\IAR_Project\RTOSfree\FreeRTOS_STM32F103\EWARM\FreeRTOS_STM32F103\List\FreeRTOS_STM32F103.map
#    Command line =  
#        D:\Embedded_Project\IAR_Project\RTOSfree\FreeRTOS_STM32F103\EWARM\FreeRTOS_STM32F103\Obj\cmsis_os.o
#        D:\Embedded_Project\IAR_Project\RTOSfree\FreeRTOS_STM32F103\EWARM\FreeRTOS_STM32F103\Obj\croutine.o
#        D:\Embedded_Project\IAR_Project\RTOSfree\FreeRTOS_STM32F103\EWARM\FreeRTOS_STM32F103\Obj\event_groups.o
#        D:\Embedded_Project\IAR_Project\RTOSfree\FreeRTOS_STM32F103\EWARM\FreeRTOS_STM32F103\Obj\freertos.o
#        D:\Embedded_Project\IAR_Project\RTOSfree\FreeRTOS_STM32F103\EWARM\FreeRTOS_STM32F103\Obj\heap_4.o
#        D:\Embedded_Project\IAR_Project\RTOSfree\FreeRTOS_STM32F103\EWARM\FreeRTOS_STM32F103\Obj\list.o
#        D:\Embedded_Project\IAR_Project\RTOSfree\FreeRTOS_STM32F103\EWARM\FreeRTOS_STM32F103\Obj\main.o
#        D:\Embedded_Project\IAR_Project\RTOSfree\FreeRTOS_STM32F103\EWARM\FreeRTOS_STM32F103\Obj\port.o
#        D:\Embedded_Project\IAR_Project\RTOSfree\FreeRTOS_STM32F103\EWARM\FreeRTOS_STM32F103\Obj\portasm.o
#        D:\Embedded_Project\IAR_Project\RTOSfree\FreeRTOS_STM32F103\EWARM\FreeRTOS_STM32F103\Obj\queue.o
#        D:\Embedded_Project\IAR_Project\RTOSfree\FreeRTOS_STM32F103\EWARM\FreeRTOS_STM32F103\Obj\SSD1602.o
#        D:\Embedded_Project\IAR_Project\RTOSfree\FreeRTOS_STM32F103\EWARM\FreeRTOS_STM32F103\Obj\startup_stm32f103xb.o
#        D:\Embedded_Project\IAR_Project\RTOSfree\FreeRTOS_STM32F103\EWARM\FreeRTOS_STM32F103\Obj\stm32f1xx_hal.o
#        D:\Embedded_Project\IAR_Project\RTOSfree\FreeRTOS_STM32F103\EWARM\FreeRTOS_STM32F103\Obj\stm32f1xx_hal_cortex.o
#        D:\Embedded_Project\IAR_Project\RTOSfree\FreeRTOS_STM32F103\EWARM\FreeRTOS_STM32F103\Obj\stm32f1xx_hal_dma.o
#        D:\Embedded_Project\IAR_Project\RTOSfree\FreeRTOS_STM32F103\EWARM\FreeRTOS_STM32F103\Obj\stm32f1xx_hal_flash.o
#        D:\Embedded_Project\IAR_Project\RTOSfree\FreeRTOS_STM32F103\EWARM\FreeRTOS_STM32F103\Obj\stm32f1xx_hal_flash_ex.o
#        D:\Embedded_Project\IAR_Project\RTOSfree\FreeRTOS_STM32F103\EWARM\FreeRTOS_STM32F103\Obj\stm32f1xx_hal_gpio.o
#        D:\Embedded_Project\IAR_Project\RTOSfree\FreeRTOS_STM32F103\EWARM\FreeRTOS_STM32F103\Obj\stm32f1xx_hal_gpio_ex.o
#        D:\Embedded_Project\IAR_Project\RTOSfree\FreeRTOS_STM32F103\EWARM\FreeRTOS_STM32F103\Obj\stm32f1xx_hal_i2c.o
#        D:\Embedded_Project\IAR_Project\RTOSfree\FreeRTOS_STM32F103\EWARM\FreeRTOS_STM32F103\Obj\stm32f1xx_hal_msp.o
#        D:\Embedded_Project\IAR_Project\RTOSfree\FreeRTOS_STM32F103\EWARM\FreeRTOS_STM32F103\Obj\stm32f1xx_hal_pwr.o
#        D:\Embedded_Project\IAR_Project\RTOSfree\FreeRTOS_STM32F103\EWARM\FreeRTOS_STM32F103\Obj\stm32f1xx_hal_rcc.o
#        D:\Embedded_Project\IAR_Project\RTOSfree\FreeRTOS_STM32F103\EWARM\FreeRTOS_STM32F103\Obj\stm32f1xx_hal_rcc_ex.o
#        D:\Embedded_Project\IAR_Project\RTOSfree\FreeRTOS_STM32F103\EWARM\FreeRTOS_STM32F103\Obj\stm32f1xx_hal_tim.o
#        D:\Embedded_Project\IAR_Project\RTOSfree\FreeRTOS_STM32F103\EWARM\FreeRTOS_STM32F103\Obj\stm32f1xx_hal_tim_ex.o
#        D:\Embedded_Project\IAR_Project\RTOSfree\FreeRTOS_STM32F103\EWARM\FreeRTOS_STM32F103\Obj\stm32f1xx_hal_timebase_TIM.o
#        D:\Embedded_Project\IAR_Project\RTOSfree\FreeRTOS_STM32F103\EWARM\FreeRTOS_STM32F103\Obj\stm32f1xx_it.o
#        D:\Embedded_Project\IAR_Project\RTOSfree\FreeRTOS_STM32F103\EWARM\FreeRTOS_STM32F103\Obj\system_stm32f1xx.o
#        D:\Embedded_Project\IAR_Project\RTOSfree\FreeRTOS_STM32F103\EWARM\FreeRTOS_STM32F103\Obj\tasks.o
#        D:\Embedded_Project\IAR_Project\RTOSfree\FreeRTOS_STM32F103\EWARM\FreeRTOS_STM32F103\Obj\timers.o
#        --redirect _Printf=_PrintfFull --redirect _Scanf=_ScanfFull -o
#        D:\Embedded_Project\IAR_Project\RTOSfree\FreeRTOS_STM32F103\EWARM\FreeRTOS_STM32F103\Exe\FreeRTOS_STM32F103.out
#        --map
#        D:\Embedded_Project\IAR_Project\RTOSfree\FreeRTOS_STM32F103\EWARM\FreeRTOS_STM32F103\List\FreeRTOS_STM32F103.map
#        --config
#        D:\Embedded_Project\IAR_Project\RTOSfree\FreeRTOS_STM32F103\EWARM/stm32f103xb_flash.icf
#        --semihosting --entry __iar_program_start --vfe
#
###############################################################################

*******************************************************************************
*** RUNTIME MODEL ATTRIBUTES
***

CppFlavor                     = *
__Heap_Handler                = Basic
__SystemLibrary               = DLib
__dlib_dynamic_initialization = normal


*******************************************************************************
*** PLACEMENT SUMMARY
***

"A0":  place at 0x08000000 { ro section .intvec };
"P1":  place in [from 0x08000000 to 0x0801ffff] { ro };
"P2":  place in [from 0x20000000 to 0x20004fff] { rw, block CSTACK, block HEAP };
initialize by copy { rw };

  Section             Kind        Address    Size  Object
  -------             ----        -------    ----  ------
"A0":                                        0xec
  .intvec             ro code  0x08000000    0xec  startup_stm32f103xb.o [1]
                             - 0x080000ec    0xec

"P1":                                      0x4c40
  .text               ro code  0x080000ec  0x118a  xprintffull.o [3]
  .text               ro code  0x08001276    0x20  xmbtowc.o [3]
  .text               ro code  0x08001296     0xa  xsprout.o [3]
  .text               ro code  0x080012a0    0x16  strchr.o [5]
  .text               ro code  0x080012b8    0x36  strlen.o [5]
  .text               ro code  0x080012f0    0x58  memchr.o [5]
  .text               ro code  0x08001348     0xa  xmbcurmax.o [3]
  .text               ro code  0x08001354    0xb0  xxmemxmalloc.o [3]
  .text               ro code  0x08001404    0x1a  xwctomb.o [3]
  .text               ro code  0x08001420    0x76  ABImemcpy_unaligned.o [5]
  .text               ro code  0x08001498    0x80  xxmemxfree.o [3]
  .text               ro code  0x08001518    0xee  I64DivMod.o [5]
  .text               ro code  0x08001606    0x44  xdnorm.o [4]
  .text               ro code  0x0800164c    0x2e  DblCmpLe.o [4]
  .text               ro code  0x0800167c    0x2e  DblCmpGe.o [4]
  .text               ro code  0x080016ac   0x10c  xdscale.o [4]
  .text               ro code  0x080017b8    0x58  DblToI32.o [4]
  .text               ro code  0x08001810    0x30  I32ToDbl.o [4]
  .text               ro code  0x08001840   0x180  DblSub.o [4]
  .text               ro code  0x080019c0   0x1a2  DblMul.o [4]
  .text               ro code  0x08001b64   0x256  DblDiv.o [4]
  .text               ro code  0x08001dbc    0x6c  localeconv.o [3]
  .text               ro code  0x08001e28     0xe  div.o [3]
  .text               ro code  0x08001e38    0x14  setlocale.o [3]
  .text               ro code  0x08001e4c    0x60  xencoding_sb.o [3]
  .text               ro code  0x08001eac    0x2c  xgetmemchunk.o [3]
  .text               ro code  0x08001ed8     0x2  I64DivZer.o [5]
  .text               ro code  0x08001edc    0xd4  DblAdd.o [4]
  .text               ro code  0x08001fb0     0x2  xtls.o [3]
  .text               ro code  0x08001fb4   0x75c  tasks.o [1]
  .text               ro code  0x08002710   0x1b4  heap_4.o [1]
  .text               ro code  0x080028c4    0x8e  list.o [1]
  .text               ro code  0x08002954   0x1a4  port.o [1]
  CODE                ro code  0x08002af8    0x88  portasm.o [1]
  .text               ro code  0x08002b80   0x580  queue.o [1]
  .text               ro code  0x08003100   0x4e2  stm32f1xx_hal_rcc.o [1]
  .text               ro code  0x080035e4     0xc  stm32f1xx_hal.o [1]
  .text               ro code  0x080035f0    0x78  stm32f1xx_hal_timebase_TIM.o [1]
  .text               ro code  0x08003668    0xd8  stm32f1xx_hal_cortex.o [1]
  .text               ro code  0x08003740   0x206  stm32f1xx_hal_tim.o [1]
  .text               ro code  0x08003946     0x2  stm32f1xx_hal_tim.o [1]
  .text               ro code  0x08003948     0x2  stm32f1xx_hal_tim.o [1]
  .text               ro code  0x0800394c   0x394  main.o [1]
  .text               ro code  0x08003ce0     0x2  stm32f1xx_hal_tim_ex.o [1]
  .text               ro code  0x08003ce2     0x2  stm32f1xx_hal_tim.o [1]
  .text               ro code  0x08003ce4     0x2  stm32f1xx_hal_tim_ex.o [1]
  .text               ro code  0x08003ce6     0x2  stm32f1xx_hal_tim.o [1]
  .text               ro code  0x08003ce8    0x24  stm32f1xx_hal.o [1]
  .text               ro code  0x08003d0c   0x4d6  stm32f1xx_hal_i2c.o [1]
  .text               ro code  0x080041e4    0x28  stm32f1xx_hal.o [1]
  .text               ro code  0x0800420c   0x188  SSD1602.o [1]
  .text               ro code  0x08004394   0x150  cmsis_os.o [1]
  .text               ro code  0x080044e4    0x34  sprintf.o [3]
  .text               ro code  0x08004518    0x10  stm32f1xx_hal.o [1]
  .text               ro code  0x08004528    0xd0  stm32f1xx_hal_msp.o [1]
  .text               ro code  0x080045f8   0x1a8  stm32f1xx_hal_gpio.o [1]
  .text               ro code  0x080047a0    0x78  lz77_init_single.o [5]
  .text               ro code  0x08004818    0x5c  system_stm32f1xx.o [1]
  .text               ro code  0x08004874    0x40  zero_init3.o [5]
  .text               ro code  0x080048b4    0x28  data_init.o [5]
  .iar.init_table     const    0x080048dc    0x20  - Linker created -
  .text               ro code  0x080048fc    0x1c  stm32f1xx_it.o [1]
  .text               ro code  0x08004918    0x1a  cmain.o [5]
  .text               ro code  0x08004932     0x4  low_level_init.o [3]
  .text               ro code  0x08004936     0x4  exit.o [3]
  .text               ro code  0x0800493c     0xa  cexit.o [5]
  .text               ro code  0x08004948    0x14  exit.o [6]
  .rodata             const    0x0800495c    0x18  main.o [1]
  .text               ro code  0x08004974    0x10  startup_stm32f103xb.o [1]
  .text               ro code  0x08004984     0xc  cstartup_M.o [5]
  .rodata             const    0x08004990     0x8  system_stm32f1xx.o [1]
  .text               ro code  0x08004998     0x4  startup_stm32f103xb.o [1]
  .text               ro code  0x0800499c     0x4  startup_stm32f103xb.o [1]
  .text               ro code  0x080049a0     0x4  startup_stm32f103xb.o [1]
  .text               ro code  0x080049a4     0x4  startup_stm32f103xb.o [1]
  .text               ro code  0x080049a8     0x4  startup_stm32f103xb.o [1]
  .text               ro code  0x080049ac     0x4  startup_stm32f103xb.o [1]
  .text               ro code  0x080049b0     0x4  startup_stm32f103xb.o [1]
  .text               ro code  0x080049b4     0x4  startup_stm32f103xb.o [1]
  .text               ro code  0x080049b8     0x4  startup_stm32f103xb.o [1]
  .text               ro code  0x080049bc     0x4  startup_stm32f103xb.o [1]
  .text               ro code  0x080049c0     0x4  startup_stm32f103xb.o [1]
  .text               ro code  0x080049c4     0x4  startup_stm32f103xb.o [1]
  .text               ro code  0x080049c8     0x4  startup_stm32f103xb.o [1]
  .text               ro code  0x080049cc     0x4  startup_stm32f103xb.o [1]
  .text               ro code  0x080049d0     0x4  startup_stm32f103xb.o [1]
  .text               ro code  0x080049d4     0x4  startup_stm32f103xb.o [1]
  .text               ro code  0x080049d8     0x4  startup_stm32f103xb.o [1]
  .text               ro code  0x080049dc     0x4  startup_stm32f103xb.o [1]
  .text               ro code  0x080049e0     0x4  startup_stm32f103xb.o [1]
  .text               ro code  0x080049e4     0x4  startup_stm32f103xb.o [1]
  .text               ro code  0x080049e8     0x4  startup_stm32f103xb.o [1]
  .text               ro code  0x080049ec     0x4  startup_stm32f103xb.o [1]
  .text               ro code  0x080049f0     0x4  startup_stm32f103xb.o [1]
  .text               ro code  0x080049f4     0x4  startup_stm32f103xb.o [1]
  .text               ro code  0x080049f8     0x4  startup_stm32f103xb.o [1]
  .text               ro code  0x080049fc     0x4  startup_stm32f103xb.o [1]
  .text               ro code  0x08004a00     0x4  startup_stm32f103xb.o [1]
  .text               ro code  0x08004a04     0x4  startup_stm32f103xb.o [1]
  .text               ro code  0x08004a08     0x4  startup_stm32f103xb.o [1]
  .text               ro code  0x08004a0c     0x4  startup_stm32f103xb.o [1]
  .text               ro code  0x08004a10     0x4  startup_stm32f103xb.o [1]
  .text               ro code  0x08004a14     0x4  startup_stm32f103xb.o [1]
  .text               ro code  0x08004a18     0x4  startup_stm32f103xb.o [1]
  .text               ro code  0x08004a1c     0x4  startup_stm32f103xb.o [1]
  .text               ro code  0x08004a20     0x4  startup_stm32f103xb.o [1]
  .text               ro code  0x08004a24     0x4  startup_stm32f103xb.o [1]
  .text               ro code  0x08004a28     0x4  startup_stm32f103xb.o [1]
  .text               ro code  0x08004a2c     0x4  startup_stm32f103xb.o [1]
  .text               ro code  0x08004a30     0x4  startup_stm32f103xb.o [1]
  .text               ro code  0x08004a34     0x4  startup_stm32f103xb.o [1]
  .text               ro code  0x08004a38     0x4  startup_stm32f103xb.o [1]
  .text               ro code  0x08004a3c     0x4  startup_stm32f103xb.o [1]
  .rodata             const    0x08004a40     0x0  zero_init3.o [5]
  .rodata             const    0x08004a40     0x0  lz77_init_single.o [5]
  Initializer bytes   const    0x08004a40   0x2ec  <for P2-1>
                             - 0x08004d2c  0x4c40

"P2", part 1 of 3:                          0x624
  P2-1                         0x20000000   0x624  <Init block>
    .data             inited   0x20000000     0xc  port.o [1]
    .data             inited   0x2000000c   0x50c  SSD1602.o [1]
    .data             inited   0x20000518     0xc  stm32f1xx_hal.o [1]
    .data             inited   0x20000524     0x4  system_stm32f1xx.o [1]
    __DLIB_PERTHREAD  inited   0x20000528    0x88  localeconv.o [3]
    __DLIB_PERTHREAD  inited   0x200005b0    0x74  setlocale.o [3]
                             - 0x20000624   0x624

"P2", part 2 of 3:                          0x600
  CSTACK                       0x20000628   0x400  <Block>
    CSTACK            uninit   0x20000628   0x400  <Block tail>
  HEAP                         0x20000a28   0x200  <Block>
    HEAP              uninit   0x20000a28   0x200  <Block tail>
                             - 0x20000c28   0x600

"P2", part 3 of 3:                          0xe1c
  .bss                zero     0x20000c28   0xc18  heap_4.o [1]
  .bss                zero     0x20001840    0xa0  tasks.o [1]
  .bss                zero     0x200018e0    0x8c  tasks.o [1]
  .bss                zero     0x2000196c    0x88  main.o [1]
  .bss                zero     0x200019f4    0x40  stm32f1xx_hal_timebase_TIM.o [1]
  .bss                zero     0x20001a34     0x8  xxmemxmalloc.o [3]
  .bss                zero     0x20001a3c     0x4  xgetmemchunk.o [3]
  .bss                zero     0x20001a40     0x2  SSD1602.o [1]
                             - 0x20001a42   0xe1a


*******************************************************************************
*** INIT TABLE
***

          Address     Size
          -------     ----
Zero (__iar_zero_init3)
    1 destination range, total size 0xe1a:
          0x20000c28  0xe1a

Copy/lz77 (__iar_lz77_init_single3)
    1 source range, total size 0x2ec (47% of destination):
          0x08004a40  0x2ec
    1 destination range, total size 0x624:
          0x20000000  0x624



*******************************************************************************
*** MODULE SUMMARY
***

    Module                        ro code  ro data  rw data
    ------                        -------  -------  -------
D:\Embedded_Project\IAR_Project\RTOSfree\FreeRTOS_STM32F103\EWARM\FreeRTOS_STM32F103\Obj: [1]
    SSD1602.o                         392      615    1 294
    cmsis_os.o                        336
    heap_4.o                          436             3 096
    list.o                            142
    main.o                            916       24      136
    port.o                            420        5       12
    portasm.o                         136
    queue.o                         1 408
    startup_stm32f103xb.o             420
    stm32f1xx_hal.o                   104        6       12
    stm32f1xx_hal_cortex.o            216
    stm32f1xx_hal_gpio.o              424
    stm32f1xx_hal_i2c.o             1 238
    stm32f1xx_hal_msp.o               208
    stm32f1xx_hal_rcc.o             1 250
    stm32f1xx_hal_tim.o               526
    stm32f1xx_hal_tim_ex.o              4
    stm32f1xx_hal_timebase_TIM.o      120                64
    stm32f1xx_it.o                     28
    system_stm32f1xx.o                 92       10        4
    tasks.o                         1 884               300
    -------------------------------------------------------
    Total:                         10 700      660    4 918

command line: [2]
    -------------------------------------------------------
    Total:

dl7M_tlf.a: [3]
    div.o                              14
    exit.o                              4
    localeconv.o                      108       64      136
    low_level_init.o                    4
    setlocale.o                        20       56      116
    sprintf.o                          52
    xencoding_sb.o                     96
    xgetmemchunk.o                     44                 4
    xmbcurmax.o                        10
    xmbtowc.o                          32
    xprintffull.o                   4 490
    xsprout.o                          10
    xtls.o                              2
    xwctomb.o                          26
    xxmemxfree.o                      128
    xxmemxmalloc.o                    176                 8
    -------------------------------------------------------
    Total:                          5 216      120      264

m7M_tl.a: [4]
    DblAdd.o                          212
    DblCmpGe.o                         46
    DblCmpLe.o                         46
    DblDiv.o                          598
    DblMul.o                          418
    DblSub.o                          384
    DblToI32.o                         88
    I32ToDbl.o                         48
    xdnorm.o                           68
    xdscale.o                         268
    -------------------------------------------------------
    Total:                          2 176

rt7M_tl.a: [5]
    ABImemcpy_unaligned.o             118
    I64DivMod.o                       238
    I64DivZer.o                         2
    cexit.o                            10
    cmain.o                            26
    cstartup_M.o                       12
    data_init.o                        40
    lz77_init_single.o                120
    memchr.o                           88
    strchr.o                           22
    strlen.o                           54
    zero_init3.o                       64
    -------------------------------------------------------
    Total:                            794

shb_l.a: [6]
    exit.o                             20
    -------------------------------------------------------
    Total:                             20

    Gaps                               38
    Linker created                              32    1 536
-----------------------------------------------------------
    Grand Total:                   18 944      812    6 718


*******************************************************************************
*** ENTRY LIST
***

Entry                      Address   Size  Type      Object
-----                      -------   ----  ----      ------
.iar.init_table$$Base   0x080048dc          --   Gb  - Linker created -
.iar.init_table$$Limit  0x080048fc          --   Gb  - Linker created -
?main                   0x08004919         Code  Gb  cmain.o [5]
AHBPrescTable           0x08004864   0x10  Data  Gb  system_stm32f1xx.o [1]
APBPrescTable           0x08004990    0x8  Data  Gb  system_stm32f1xx.o [1]
BusFault_Handler        0x08004903    0x2  Code  Gb  stm32f1xx_it.o [1]
CSTACK$$Base            0x20000628          --   Gb  - Linker created -
CSTACK$$Limit           0x20000a28          --   Gb  - Linker created -
DebugMon_Handler        0x08004907    0x2  Code  Gb  stm32f1xx_it.o [1]
HAL_Delay               0x080041e5   0x28  Code  Wk  stm32f1xx_hal.o [1]
HAL_GPIO_Init           0x080045f9  0x174  Code  Gb  stm32f1xx_hal_gpio.o [1]
HAL_GetTick             0x080035e5    0xc  Code  Wk  stm32f1xx_hal.o [1]
HAL_I2C_Init            0x08003d0d   0xd4  Code  Gb  stm32f1xx_hal_i2c.o [1]
HAL_I2C_Master_Transmit
                        0x08003dfd   0xae  Code  Gb  stm32f1xx_hal_i2c.o [1]
HAL_I2C_MspInit         0x080045a9   0x3a  Code  Gb  stm32f1xx_hal_msp.o [1]
HAL_IncTick             0x08004519   0x10  Code  Wk  stm32f1xx_hal.o [1]
HAL_Init                0x08003ce9   0x20  Code  Gb  stm32f1xx_hal.o [1]
HAL_InitTick            0x080035f1   0x66  Code  Gb  stm32f1xx_hal_timebase_TIM.o [1]
HAL_MspInit             0x08004529   0x80  Code  Gb  stm32f1xx_hal_msp.o [1]
HAL_NVIC_EnableIRQ      0x080036d7    0xc  Code  Gb  stm32f1xx_hal_cortex.o [1]
HAL_NVIC_SetPriority    0x0800369d   0x3a  Code  Gb  stm32f1xx_hal_cortex.o [1]
HAL_NVIC_SetPriorityGrouping
                        0x08003683   0x1a  Code  Gb  stm32f1xx_hal_cortex.o [1]
HAL_RCC_ClockConfig     0x080033db  0x10a  Code  Gb  stm32f1xx_hal_rcc.o [1]
HAL_RCC_GetClockConfig  0x08003571   0x34  Code  Gb  stm32f1xx_hal_rcc.o [1]
HAL_RCC_GetHCLKFreq     0x08003547    0x6  Code  Gb  stm32f1xx_hal_rcc.o [1]
HAL_RCC_GetPCLK1Freq    0x0800354d   0x10  Code  Gb  stm32f1xx_hal_rcc.o [1]
HAL_RCC_GetPCLK2Freq    0x0800355d    0xe  Code  Gb  stm32f1xx_hal_rcc.o [1]
HAL_RCC_GetSysClockFreq
                        0x080034f9   0x4e  Code  Gb  stm32f1xx_hal_rcc.o [1]
HAL_RCC_OscConfig       0x08003101  0x2d2  Code  Gb  stm32f1xx_hal_rcc.o [1]
HAL_SYSTICK_CLKSourceConfig
                        0x08003713   0x14  Code  Gb  stm32f1xx_hal_cortex.o [1]
HAL_SYSTICK_Config      0x080036eb   0x28  Code  Gb  stm32f1xx_hal_cortex.o [1]
HAL_TIMEx_BreakCallback
                        0x08003ce1    0x2  Code  Wk  stm32f1xx_hal_tim_ex.o [1]
HAL_TIMEx_CommutationCallback
                        0x08003ce5    0x2  Code  Wk  stm32f1xx_hal_tim_ex.o [1]
HAL_TIM_Base_Init       0x08003741   0x1a  Code  Gb  stm32f1xx_hal_tim.o [1]
HAL_TIM_Base_MspInit    0x08003945    0x2  Code  Wk  stm32f1xx_hal_tim.o [1]
HAL_TIM_Base_Start_IT   0x0800375b   0x16  Code  Gb  stm32f1xx_hal_tim.o [1]
HAL_TIM_IC_CaptureCallback
                        0x08003947    0x2  Code  Wk  stm32f1xx_hal_tim.o [1]
HAL_TIM_IRQHandler      0x0800378d  0x142  Code  Gb  stm32f1xx_hal_tim.o [1]
HAL_TIM_OC_DelayElapsedCallback
                        0x08003949    0x2  Code  Wk  stm32f1xx_hal_tim.o [1]
HAL_TIM_PWM_PulseFinishedCallback
                        0x08003ce7    0x2  Code  Wk  stm32f1xx_hal_tim.o [1]
HAL_TIM_PeriodElapsedCallback
                        0x08003bf5   0x5e  Code  Gb  main.o [1]
HAL_TIM_TriggerCallback
                        0x08003ce3    0x2  Code  Wk  stm32f1xx_hal_tim.o [1]
HEAP$$Base              0x20000a28          --   Gb  - Linker created -
HEAP$$Limit             0x20000c28          --   Gb  - Linker created -
HardFault_Handler       0x080048ff    0x2  Code  Gb  stm32f1xx_it.o [1]
I2C_IsAcknowledgeFailed
                        0x080041bb   0x28  Code  Lc  stm32f1xx_hal_i2c.o [1]
I2C_MasterRequestWrite  0x08003f99   0x74  Code  Lc  stm32f1xx_hal_i2c.o [1]
I2C_WaitOnBTFFlagUntilTimeout
                        0x08004151   0x32  Code  Lc  stm32f1xx_hal_i2c.o [1]
I2C_WaitOnFlagUntilTimeout
                        0x08004045   0x5e  Code  Lc  stm32f1xx_hal_i2c.o [1]
I2C_WaitOnMasterAddressFlagUntilTimeout
                        0x080040a3   0x6c  Code  Lc  stm32f1xx_hal_i2c.o [1]
I2C_WaitOnTXEFlagUntilTimeout
                        0x0800411f   0x32  Code  Lc  stm32f1xx_hal_i2c.o [1]
LCD_Buffer              0x20000018  0x500  Data  Gb  SSD1602.o [1]
LCD_Char                0x0800428f   0x42  Code  Gb  SSD1602.o [1]
LCD_Clear               0x0800424d   0x42  Code  Gb  SSD1602.o [1]
LCD_Goto                0x08004227   0x26  Code  Gb  SSD1602.o [1]
LCD_X                   0x20000014    0x1  Data  Gb  SSD1602.o [1]
LCD_Y                   0x20000015    0x1  Data  Gb  SSD1602.o [1]
LoadInt                 0x08000753   0x6e  Code  Lc  xprintffull.o [3]
MemManage_Handler       0x08004901    0x2  Code  Gb  stm32f1xx_it.o [1]
NMI_Handler             0x080048fd    0x2  Code  Gb  stm32f1xx_it.o [1]
NVIC_SetPriority        0x08003669   0x1a  Code  Lc  stm32f1xx_hal_cortex.o [1]
OLED_init               0x080042f5   0x9a  Code  Gb  SSD1602.o [1]
OLED_string             0x080042d9   0x18  Code  Gb  SSD1602.o [1]
PendSV_Handler          0x08002af9         Code  Gb  portasm.o [1]
PrintCounter            0x08003add   0x7e  Code  Gb  main.o [1]
Region$$Table$$Base     0x080048dc          --   Gb  - Linker created -
Region$$Table$$Limit    0x080048fc          --   Gb  - Linker created -
SVC_Handler             0x08002b3f         Code  Gb  portasm.o [1]
StartDefaultTask        0x08003b77   0x2a  Code  Gb  main.o [1]
StartTask02             0x08003ba1   0x2a  Code  Gb  main.o [1]
SysTick_Handler         0x08004909    0x4  Code  Gb  stm32f1xx_it.o [1]
SystemClock_Config      0x08003a69   0x74  Code  Gb  main.o [1]
SystemCoreClock         0x20000524    0x4  Data  Gb  system_stm32f1xx.o [1]
SystemInit              0x08004819   0x3a  Code  Gb  system_stm32f1xx.o [1]
TIM1_Count              0x200019d0    0x4  Data  Gb  main.o [1]
TIM1_Count_Sec          0x200019d4    0x4  Data  Gb  main.o [1]
TIM1_UP_IRQHandler      0x0800490d    0x6  Code  Gb  stm32f1xx_it.o [1]
TIM_Base_SetConfig      0x080038d5   0x5e  Code  Gb  stm32f1xx_hal_tim.o [1]
UsageFault_Handler      0x08004905    0x2  Code  Gb  stm32f1xx_it.o [1]
_EncodingSb_Mbtowc      0x08001e67   0x30  Code  Gb  xencoding_sb.o [3]
_EncodingSb_Mbtowc::initial
                        0x08001ea4    0x8  Data  Lc  xencoding_sb.o [3]
_EncodingSb_Wctomb      0x08001e4d   0x1a  Code  Gb  xencoding_sb.o [3]
_EncodingSb_Wctomb::initial
                        0x08001e9c    0x8  Data  Lc  xencoding_sb.o [3]
_GenldFull              0x08000fd9  0x254  Code  Lc  xprintffull.o [3]
_IsdstStr               0x200005b4    0x4  Data  Gb  setlocale.o [3]
_LdtobFull              0x08000bd9  0x3fa  Code  Lc  xprintffull.o [3]
_LitobFull              0x08000acd  0x10a  Code  Lc  xprintffull.o [3]
_LocaleEncoding         0x08001e39    0xe  Code  Gb  setlocale.o [3]
_LocaleReturnString     0x200005d4   0x50  Data  Lc  setlocale.o [3]
_Locale_Profile         0x200005b8   0x1c  Data  Gb  setlocale.o [3]
_Locale_aeabi_lconv     0x20000578   0x38  Data  Gb  localeconv.o [3]
_Locale_lconv           0x20000528   0x50  Data  Gb  localeconv.o [3]
_Mbtowc                 0x08001277   0x20  Code  Gb  xmbtowc.o [3]
_PrintfFull             0x080000ed  0x650  Code  Gb  xprintffull.o [3]
_PutcharsFull           0x0800122d   0x2e  Code  Lc  xprintffull.o [3]
_PutstrFull             0x080007c1  0x306  Code  Lc  xprintffull.o [3]
_SProut                 0x08001297    0xa  Code  Gb  xsprout.o [3]
_TzoneStr               0x200005b0    0x4  Data  Gb  setlocale.o [3]
_Wctomb                 0x08001405   0x1a  Code  Gb  xwctomb.o [3]
__aeabi_cdcmple         0x0800164d         Code  Gb  DblCmpLe.o [4]
__aeabi_cdrcmple        0x0800167d         Code  Gb  DblCmpGe.o [4]
__aeabi_d2iz            0x080017b9         Code  Gb  DblToI32.o [4]
__aeabi_d2uiz           0x080017e5         Code  Gb  DblToI32.o [4]
__aeabi_ddiv            0x08001b65         Code  Gb  DblDiv.o [4]
__aeabi_dmul            0x080019c1         Code  Gb  DblMul.o [4]
__aeabi_dsub            0x08001841         Code  Gb  DblSub.o [4]
__aeabi_i2d             0x08001811         Code  Gb  I32ToDbl.o [4]
__aeabi_ldiv0           0x08001ed9         Code  Gb  I64DivZer.o [5]
__aeabi_ui2d            0x08001825         Code  Gb  I32ToDbl.o [4]
__aeabi_uldivmod        0x08001519         Code  Gb  I64DivMod.o [5]
__cmain                 0x08004919         Code  Gb  cmain.o [5]
__data_Aldata           0x20001a34    0x8  Data  Gb  xxmemxmalloc.o [3]
__data_GetMemChunk      0x08001ead   0x2c  Code  Gb  xgetmemchunk.o [3]
__data_GetMemChunk::start
                        0x20001a3c    0x4  Data  Lc  xgetmemchunk.o [3]
__exit                  0x08004949   0x14  Code  Gb  exit.o [6]
__iar_Dnorm             0x08001607   0x44  Code  Gb  xdnorm.o [4]
__iar_Dscale            0x080016ad  0x10c  Code  Gb  xdscale.o [4]
__iar_Locale_lconv_init
                        0x08001dbd   0x3a  Code  Gb  localeconv.o [3]
__iar_Mbcurmax          0x08001349    0xa  Code  Gb  xmbcurmax.o [3]
__iar_Memchr            0x080012f1         Code  Gb  memchr.o [5]
__iar_Strchr            0x080012a1         Code  Gb  strchr.o [5]
__iar_d2uiz             0x080017f1         Code  Gb  DblToI32.o [4]
__iar_dadd              0x08001edd         Code  Gb  DblAdd.o [4]
__iar_data_init3        0x080048b5   0x28  Code  Gb  data_init.o [5]
__iar_dlib_perthread_access
                        0x08001fb1    0x2  Code  Gb  xtls.o [3]
__iar_dsub              0x08001855         Code  Gb  DblSub.o [4]
__iar_dsubStart         0x08001867         Code  Gb  DblSub.o [4]
__iar_lz77_init_single3
                        0x080047a1   0x78  Code  Gb  lz77_init_single.o [5]
__iar_program_start     0x08004985         Code  Gb  cstartup_M.o [5]
__iar_ui2d              0x08001829         Code  Gb  I32ToDbl.o [4]
__iar_unaligned___aeabi_memcpy
                        0x08001421         Code  Gb  ABImemcpy_unaligned.o [5]
__iar_unaligned___aeabi_memcpy4
                        0x08001441         Code  Gb  ABImemcpy_unaligned.o [5]
__iar_unaligned___aeabi_memcpy8
                        0x08001441         Code  Gb  ABImemcpy_unaligned.o [5]
__iar_zero_init3        0x08004875   0x40  Code  Gb  zero_init3.o [5]
__low_level_init        0x08004933    0x4  Code  Gb  low_level_init.o [3]
__vector_table          0x08000000         Data  Gb  startup_stm32f103xb.o [1]
_call_main              0x08004925         Code  Gb  cmain.o [5]
_exit                   0x0800493d         Code  Gb  cexit.o [5]
_main                   0x0800492f         Code  Gb  cmain.o [5]
defaultTaskHandle       0x200019c4    0x4  Data  Gb  main.o [1]
div                     0x08001e29    0xe  Code  Gb  div.o [3]
exit                    0x08004937    0x4  Code  Gb  exit.o [3]
free                    0x08001499   0x7a  Code  Gb  xxmemxfree.o [3]
hi2c1                   0x20001970   0x54  Data  Gb  main.o [1]
htim1                   0x200019f4   0x40  Data  Gb  stm32f1xx_hal_timebase_TIM.o [1]
inHandlerMode           0x080043a1    0xc  Code  Lc  cmsis_os.o [1]
localeconv              0x08001df7   0x16  Code  Gb  localeconv.o [3]
main                    0x0800394d  0x11c  Code  Gb  main.o [1]
makeFreeRtosPriority    0x08004395    0xc  Code  Lc  cmsis_os.o [1]
malloc                  0x08001355   0xac  Code  Gb  xxmemxmalloc.o [3]
memchr                  0x080012f1         Code  Gb  memchr.o [5]
myBinarySem01Handle     0x200019cc    0x4  Data  Gb  main.o [1]
myTask02Handle          0x200019c8    0x4  Data  Gb  main.o [1]
ncount1                 0x200019d8    0x4  Data  Gb  main.o [1]
ncount2                 0x200019dc    0x4  Data  Gb  main.o [1]
osDelay                 0x080043e3    0xe  Code  Gb  cmsis_os.o [1]
osKernelStart           0x080043ad    0xa  Code  Gb  cmsis_os.o [1]
osSemaphoreCreate       0x080043f1   0x26  Code  Gb  cmsis_os.o [1]
osSemaphoreRelease      0x08004475   0x30  Code  Gb  cmsis_os.o [1]
osSemaphoreWait         0x08004417   0x40  Code  Gb  cmsis_os.o [1]
osSystickHandler        0x080044d1   0x14  Code  Gb  cmsis_os.o [1]
osThreadCreate          0x080043b7   0x2c  Code  Gb  cmsis_os.o [1]
prvAddCurrentTaskToDelayedList
                        0x08002695   0x68  Code  Lc  tasks.o [1]
prvAddNewTaskToReadyList
                        0x08002085   0xa8  Code  Lc  tasks.o [1]
prvCopyDataFromQueue    0x0800305b   0x26  Code  Lc  queue.o [1]
prvCopyDataToQueue      0x08002ff3   0x68  Code  Lc  queue.o [1]
prvDeleteTCB            0x080024f5   0x14  Code  Lc  tasks.o [1]
prvIdleTask             0x080024a1   0x54  Code  Lc  tasks.o [1]
prvInitialiseNewQueue   0x08002c3b   0x16  Code  Lc  queue.o [1]
prvInitialiseNewTask    0x0800200d   0x78  Code  Lc  tasks.o [1]
prvInsertBlockIntoFreeList
                        0x08002879   0x46  Code  Lc  heap_4.o [1]
prvIsQueueEmpty         0x080030e7   0x16  Code  Lc  queue.o [1]
prvResetNextTaskUnblockTime
                        0x08002509   0x1c  Code  Lc  tasks.o [1]
prvTaskExitError        0x08002975   0x28  Code  Lc  port.o [1]
prvUnlockQueue          0x08003081   0x66  Code  Lc  queue.o [1]
pvPortMalloc            0x08002711   0xfa  Code  Gb  heap_4.o [1]
pvTaskIncrementMutexHeldCount
                        0x0800265f   0x14  Code  Gb  tasks.o [1]
pxCurrentTCB            0x20001868    0x4  Data  Gb  tasks.o [1]
pxDelayedTaskList       0x2000186c    0x4  Data  Lc  tasks.o [1]
pxEnd                   0x20000c30    0x4  Data  Lc  heap_4.o [1]
pxOverflowDelayedTaskList
                        0x20001870    0x4  Data  Lc  tasks.o [1]
pxPortInitialiseStack   0x08002955   0x20  Code  Gb  port.o [1]
pxReadyTasksLists       0x200018e0   0x8c  Data  Lc  tasks.o [1]
sendCommand             0x0800420d    0xa  Code  Gb  SSD1602.o [1]
sprintf                 0x080044e5   0x34  Code  Gb  sprintf.o [3]
str1                    0x200019e0   0x14  Data  Gb  main.o [1]
strchr                  0x080012a1         Code  Gb  strchr.o [5]
strlen                  0x080012b9         Code  Gb  strlen.o [5]
tasks_started           0x2000196c    0x1  Data  Gb  main.o [1]
temp                    0x20001a40    0x2  Data  Gb  SSD1602.o [1]
temp_char               0x2000000c    0x8  Data  Gb  SSD1602.o [1]
ucHeap                  0x20000c40  0xc00  Data  Lc  heap_4.o [1]
ucMaxSysCallPriority    0x20000000    0x1  Data  Lc  port.o [1]
ulMaxPRIGROUPValue      0x20000008    0x4  Data  Lc  port.o [1]
uwTick                  0x2000051c    0x4  Data  Gb  stm32f1xx_hal.o [1]
uwTickFreq              0x20000518    0x1  Data  Gb  stm32f1xx_hal.o [1]
uwTickPrio              0x20000520    0x4  Data  Gb  stm32f1xx_hal.o [1]
uxCriticalNesting       0x20000004    0x4  Data  Lc  port.o [1]
uxCurrentNumberOfTasks  0x2000188c    0x4  Data  Lc  tasks.o [1]
uxDeletedTasksWaitingCleanUp
                        0x20001874    0x4  Data  Lc  tasks.o [1]
uxListRemove            0x0800292f   0x24  Code  Gb  list.o [1]
uxPendedTicks           0x2000189c    0x4  Data  Lc  tasks.o [1]
uxSchedulerSuspended    0x200018b0    0x4  Data  Lc  tasks.o [1]
uxTaskNumber            0x200018a8    0x4  Data  Lc  tasks.o [1]
uxTopReadyPriority      0x20001894    0x4  Data  Lc  tasks.o [1]
vListInitialise         0x080028c5   0x1a  Code  Gb  list.o [1]
vListInitialiseItem     0x080028df    0x6  Code  Gb  list.o [1]
vListInsert             0x080028fd   0x32  Code  Gb  list.o [1]
vListInsertEnd          0x080028e5   0x18  Code  Gb  list.o [1]
vPortEnterCritical      0x08002a01   0x32  Code  Gb  port.o [1]
vPortExitCritical       0x08002a33   0x24  Code  Gb  port.o [1]
vPortFree               0x0800281d   0x4e  Code  Gb  heap_4.o [1]
vPortSetupTimerInterrupt
                        0x08002ad9   0x20  Code  Wk  port.o [1]
vPortStartFirstTask     0x08002b5f         Code  Gb  portasm.o [1]
vPortValidateInterruptPriority
                        0x08002a7d   0x42  Code  Gb  port.o [1]
vTaskDelay              0x0800212d   0x28  Code  Gb  tasks.o [1]
vTaskMissedYield        0x08002493    0xa  Code  Gb  tasks.o [1]
vTaskPlaceOnEventList   0x08002389   0x1c  Code  Gb  tasks.o [1]
vTaskPriorityInherit    0x0800253d   0x7e  Code  Gb  tasks.o [1]
vTaskSetTimeOutState    0x08002413   0x20  Code  Gb  tasks.o [1]
vTaskStartScheduler     0x08002167   0x56  Code  Gb  tasks.o [1]
vTaskSuspendAll         0x080021bd    0xc  Code  Gb  tasks.o [1]
vTaskSwitchContext      0x08002337   0x52  Code  Gb  tasks.o [1]
xBlockAllocatedBit      0x20000c3c    0x4  Data  Lc  heap_4.o [1]
xDelayedTaskList1       0x200018b4   0x14  Data  Lc  tasks.o [1]
xDelayedTaskList2       0x200018c8   0x14  Data  Lc  tasks.o [1]
xFreeBytesRemaining     0x20000c34    0x4  Data  Lc  heap_4.o [1]
xIdleTaskHandle         0x200018dc    0x4  Data  Lc  tasks.o [1]
xMinimumEverFreeBytesRemaining
                        0x20000c38    0x4  Data  Lc  heap_4.o [1]
xNextTaskUnblockTime    0x200018ac    0x4  Data  Lc  tasks.o [1]
xNumOfOverflows         0x200018a4    0x4  Data  Lc  tasks.o [1]
xPendingReadyList       0x20001840   0x14  Data  Lc  tasks.o [1]
xPortStartScheduler     0x0800299d   0x64  Code  Gb  port.o [1]
xPortSysTickHandler     0x08002a57   0x26  Code  Gb  port.o [1]
xQueueGenericCreate     0x08002bff   0x3c  Code  Gb  queue.o [1]
xQueueGenericReceive    0x08002e0b  0x14e  Code  Gb  queue.o [1]
xQueueGenericReset      0x08002b81   0x7e  Code  Gb  queue.o [1]
xQueueGenericSend       0x08002c51  0x132  Code  Gb  queue.o [1]
xQueueGiveFromISR       0x08002d83   0x88  Code  Gb  queue.o [1]
xQueueReceiveFromISR    0x08002f61   0x7c  Code  Gb  queue.o [1]
xSchedulerRunning       0x20001898    0x4  Data  Lc  tasks.o [1]
xStart                  0x20000c28    0x8  Data  Lc  heap_4.o [1]
xSuspendedTaskList      0x20001878   0x14  Data  Lc  tasks.o [1]
xTaskCheckForTimeOut    0x08002433   0x58  Code  Gb  tasks.o [1]
xTaskCreate             0x08001fb5   0x58  Code  Gb  tasks.o [1]
xTaskGetSchedulerState  0x08002525   0x18  Code  Gb  tasks.o [1]
xTaskIncrementTick      0x0800226d   0xb6  Code  Gb  tasks.o [1]
xTaskPriorityDisinherit
                        0x080025bb   0x8a  Code  Gb  tasks.o [1]
xTaskRemoveFromEventList
                        0x080023a9   0x56  Code  Gb  tasks.o [1]
xTaskResumeAll          0x080021c9   0x90  Code  Gb  tasks.o [1]
xTasksWaitingTermination
                        0x20001854   0x14  Data  Lc  tasks.o [1]
xTickCount              0x20001890    0x4  Data  Lc  tasks.o [1]
xYieldPending           0x200018a0    0x4  Data  Lc  tasks.o [1]


[1] = D:\Embedded_Project\IAR_Project\RTOSfree\FreeRTOS_STM32F103\EWARM\FreeRTOS_STM32F103\Obj
[2] = command line
[3] = dl7M_tlf.a
[4] = m7M_tl.a
[5] = rt7M_tl.a
[6] = shb_l.a

  18 944 bytes of readonly  code memory
     812 bytes of readonly  data memory
   6 718 bytes of readwrite data memory

Errors: none
Warnings: none
