###############################################################################
#
# IAR ELF Linker V7.70.1.11437/W32 for ARM                13/Jan/2019  18:51:11
# Copyright 2007-2016 IAR Systems AB.
#
#    Output file  =  
#        D:\Embedded_Project\IAR_Project\LCD_STM32F103\LCD_STM32F103\EWARM\LCD_STM32F103\Exe\LCD_STM32F103.out
#    Map file     =  
#        D:\Embedded_Project\IAR_Project\LCD_STM32F103\LCD_STM32F103\EWARM\LCD_STM32F103\List\LCD_STM32F103.map
#    Command line =  
#        D:\Embedded_Project\IAR_Project\LCD_STM32F103\LCD_STM32F103\EWARM\LCD_STM32F103\Obj\LCD.o
#        D:\Embedded_Project\IAR_Project\LCD_STM32F103\LCD_STM32F103\EWARM\LCD_STM32F103\Obj\main.o
#        D:\Embedded_Project\IAR_Project\LCD_STM32F103\LCD_STM32F103\EWARM\LCD_STM32F103\Obj\startup_stm32f103xb.o
#        D:\Embedded_Project\IAR_Project\LCD_STM32F103\LCD_STM32F103\EWARM\LCD_STM32F103\Obj\stm32f1xx_hal.o
#        D:\Embedded_Project\IAR_Project\LCD_STM32F103\LCD_STM32F103\EWARM\LCD_STM32F103\Obj\stm32f1xx_hal_cortex.o
#        D:\Embedded_Project\IAR_Project\LCD_STM32F103\LCD_STM32F103\EWARM\LCD_STM32F103\Obj\stm32f1xx_hal_dma.o
#        D:\Embedded_Project\IAR_Project\LCD_STM32F103\LCD_STM32F103\EWARM\LCD_STM32F103\Obj\stm32f1xx_hal_flash.o
#        D:\Embedded_Project\IAR_Project\LCD_STM32F103\LCD_STM32F103\EWARM\LCD_STM32F103\Obj\stm32f1xx_hal_flash_ex.o
#        D:\Embedded_Project\IAR_Project\LCD_STM32F103\LCD_STM32F103\EWARM\LCD_STM32F103\Obj\stm32f1xx_hal_gpio.o
#        D:\Embedded_Project\IAR_Project\LCD_STM32F103\LCD_STM32F103\EWARM\LCD_STM32F103\Obj\stm32f1xx_hal_gpio_ex.o
#        D:\Embedded_Project\IAR_Project\LCD_STM32F103\LCD_STM32F103\EWARM\LCD_STM32F103\Obj\stm32f1xx_hal_msp.o
#        D:\Embedded_Project\IAR_Project\LCD_STM32F103\LCD_STM32F103\EWARM\LCD_STM32F103\Obj\stm32f1xx_hal_pwr.o
#        D:\Embedded_Project\IAR_Project\LCD_STM32F103\LCD_STM32F103\EWARM\LCD_STM32F103\Obj\stm32f1xx_hal_rcc.o
#        D:\Embedded_Project\IAR_Project\LCD_STM32F103\LCD_STM32F103\EWARM\LCD_STM32F103\Obj\stm32f1xx_hal_rcc_ex.o
#        D:\Embedded_Project\IAR_Project\LCD_STM32F103\LCD_STM32F103\EWARM\LCD_STM32F103\Obj\stm32f1xx_hal_tim.o
#        D:\Embedded_Project\IAR_Project\LCD_STM32F103\LCD_STM32F103\EWARM\LCD_STM32F103\Obj\stm32f1xx_hal_tim_ex.o
#        D:\Embedded_Project\IAR_Project\LCD_STM32F103\LCD_STM32F103\EWARM\LCD_STM32F103\Obj\stm32f1xx_it.o
#        D:\Embedded_Project\IAR_Project\LCD_STM32F103\LCD_STM32F103\EWARM\LCD_STM32F103\Obj\system_stm32f1xx.o
#        --redirect _Printf=_PrintfFull --redirect _Scanf=_ScanfFull -o
#        D:\Embedded_Project\IAR_Project\LCD_STM32F103\LCD_STM32F103\EWARM\LCD_STM32F103\Exe\LCD_STM32F103.out
#        --map
#        D:\Embedded_Project\IAR_Project\LCD_STM32F103\LCD_STM32F103\EWARM\LCD_STM32F103\List\LCD_STM32F103.map
#        --config
#        D:\Embedded_Project\IAR_Project\LCD_STM32F103\LCD_STM32F103\EWARM/stm32f103xb_flash.icf
#        --semihosting --entry __iar_program_start --vfe
#
###############################################################################

*******************************************************************************
*** RUNTIME MODEL ATTRIBUTES
***

CppFlavor                     = *
__Heap_Handler                = Basic
__SystemLibrary               = DLib
__dlib_dynamic_initialization = normal


*******************************************************************************
*** PLACEMENT SUMMARY
***

"A0":  place at 0x08000000 { ro section .intvec };
"P1":  place in [from 0x08000000 to 0x0801ffff] { ro };
"P2":  place in [from 0x20000000 to 0x20004fff] { rw, block CSTACK, block HEAP };
initialize by copy { rw };

  Section             Kind        Address    Size  Object
  -------             ----        -------    ----  ------
"A0":                                        0xec
  .intvec             ro code  0x08000000    0xec  startup_stm32f103xb.o [1]
                             - 0x080000ec    0xec

"P1":                                      0x2c58
  .text               ro code  0x080000ec  0x118a  xprintffull.o [3]
  .text               ro code  0x08001276    0x20  xmbtowc.o [3]
  .text               ro code  0x08001296     0xa  xsprout.o [3]
  .text               ro code  0x080012a0    0x16  strchr.o [5]
  .text               ro code  0x080012b8    0x36  strlen.o [5]
  .text               ro code  0x080012f0    0x58  memchr.o [5]
  .text               ro code  0x08001348     0xa  xmbcurmax.o [3]
  .text               ro code  0x08001354    0xb0  xxmemxmalloc.o [3]
  .text               ro code  0x08001404    0x1a  xwctomb.o [3]
  .text               ro code  0x08001420    0x76  ABImemcpy_unaligned.o [5]
  .text               ro code  0x08001498    0x80  xxmemxfree.o [3]
  .text               ro code  0x08001518    0xee  I64DivMod.o [5]
  .text               ro code  0x08001606    0x44  xdnorm.o [4]
  .text               ro code  0x0800164c    0x2e  DblCmpLe.o [4]
  .text               ro code  0x0800167c    0x2e  DblCmpGe.o [4]
  .text               ro code  0x080016ac   0x10c  xdscale.o [4]
  .text               ro code  0x080017b8    0x58  DblToI32.o [4]
  .text               ro code  0x08001810    0x30  I32ToDbl.o [4]
  .text               ro code  0x08001840   0x180  DblSub.o [4]
  .text               ro code  0x080019c0   0x1a2  DblMul.o [4]
  .text               ro code  0x08001b64   0x256  DblDiv.o [4]
  .text               ro code  0x08001dbc    0x6c  localeconv.o [3]
  .text               ro code  0x08001e28     0xe  div.o [3]
  .text               ro code  0x08001e38    0x14  setlocale.o [3]
  .text               ro code  0x08001e4c    0x60  xencoding_sb.o [3]
  .text               ro code  0x08001eac    0x2c  xgetmemchunk.o [3]
  .text               ro code  0x08001ed8     0x2  I64DivZer.o [5]
  .text               ro code  0x08001edc    0xd4  DblAdd.o [4]
  .text               ro code  0x08001fb0     0x2  xtls.o [3]
  .text               ro code  0x08001fb4   0x486  stm32f1xx_hal_rcc.o [1]
  .text               ro code  0x0800243c     0xc  stm32f1xx_hal.o [1]
  .text               ro code  0x08002448    0x40  stm32f1xx_hal.o [1]
  .text               ro code  0x08002488    0xc6  stm32f1xx_hal_cortex.o [1]
  .text               ro code  0x08002550   0x1e2  LCD.o [1]
  .text               ro code  0x08002734   0x1b0  stm32f1xx_hal_gpio.o [1]
  .text               ro code  0x080028e4    0x28  stm32f1xx_hal.o [1]
  .text               ro code  0x0800290c   0x136  main.o [1]
  .text               ro code  0x08002a44    0x24  stm32f1xx_hal.o [1]
  .text               ro code  0x08002a68    0x34  sprintf.o [3]
  .text               ro code  0x08002a9c    0x88  stm32f1xx_hal_msp.o [1]
  .text               ro code  0x08002b24    0x5c  system_stm32f1xx.o [1]
  .text               ro code  0x08002b80    0x38  packbits_init_single.o [5]
  .text               ro code  0x08002bb8    0x28  data_init.o [5]
  .iar.init_table     const    0x08002be0    0x10  - Linker created -
  .text               ro code  0x08002bf0    0x1e  stm32f1xx_it.o [1]
  .text               ro code  0x08002c10    0x10  stm32f1xx_hal.o [1]
  .text               ro code  0x08002c20    0x1a  cmain.o [5]
  .text               ro code  0x08002c3a     0x4  low_level_init.o [3]
  .text               ro code  0x08002c3e     0x4  exit.o [3]
  .text               ro code  0x08002c44     0xa  cexit.o [5]
  .text               ro code  0x08002c50    0x14  exit.o [6]
  .text               ro code  0x08002c64    0x10  startup_stm32f103xb.o [1]
  .text               ro code  0x08002c74     0xc  cstartup_M.o [5]
  .text               ro code  0x08002c80     0x4  startup_stm32f103xb.o [1]
  .text               ro code  0x08002c84     0x4  startup_stm32f103xb.o [1]
  .text               ro code  0x08002c88     0x4  startup_stm32f103xb.o [1]
  .text               ro code  0x08002c8c     0x4  startup_stm32f103xb.o [1]
  .text               ro code  0x08002c90     0x4  startup_stm32f103xb.o [1]
  .text               ro code  0x08002c94     0x4  startup_stm32f103xb.o [1]
  .text               ro code  0x08002c98     0x4  startup_stm32f103xb.o [1]
  .text               ro code  0x08002c9c     0x4  startup_stm32f103xb.o [1]
  .text               ro code  0x08002ca0     0x4  startup_stm32f103xb.o [1]
  .text               ro code  0x08002ca4     0x4  startup_stm32f103xb.o [1]
  .text               ro code  0x08002ca8     0x4  startup_stm32f103xb.o [1]
  .text               ro code  0x08002cac     0x4  startup_stm32f103xb.o [1]
  .text               ro code  0x08002cb0     0x4  startup_stm32f103xb.o [1]
  .text               ro code  0x08002cb4     0x4  startup_stm32f103xb.o [1]
  .text               ro code  0x08002cb8     0x4  startup_stm32f103xb.o [1]
  .text               ro code  0x08002cbc     0x4  startup_stm32f103xb.o [1]
  .text               ro code  0x08002cc0     0x4  startup_stm32f103xb.o [1]
  .text               ro code  0x08002cc4     0x4  startup_stm32f103xb.o [1]
  .text               ro code  0x08002cc8     0x4  startup_stm32f103xb.o [1]
  .text               ro code  0x08002ccc     0x4  startup_stm32f103xb.o [1]
  .text               ro code  0x08002cd0     0x4  startup_stm32f103xb.o [1]
  .text               ro code  0x08002cd4     0x4  startup_stm32f103xb.o [1]
  .text               ro code  0x08002cd8     0x4  startup_stm32f103xb.o [1]
  .text               ro code  0x08002cdc     0x4  startup_stm32f103xb.o [1]
  .text               ro code  0x08002ce0     0x4  startup_stm32f103xb.o [1]
  .text               ro code  0x08002ce4     0x4  startup_stm32f103xb.o [1]
  .text               ro code  0x08002ce8     0x4  startup_stm32f103xb.o [1]
  .text               ro code  0x08002cec     0x4  startup_stm32f103xb.o [1]
  .text               ro code  0x08002cf0     0x4  startup_stm32f103xb.o [1]
  .text               ro code  0x08002cf4     0x4  startup_stm32f103xb.o [1]
  .text               ro code  0x08002cf8     0x4  startup_stm32f103xb.o [1]
  .text               ro code  0x08002cfc     0x4  startup_stm32f103xb.o [1]
  .text               ro code  0x08002d00     0x4  startup_stm32f103xb.o [1]
  .text               ro code  0x08002d04     0x4  startup_stm32f103xb.o [1]
  .text               ro code  0x08002d08     0x4  startup_stm32f103xb.o [1]
  .text               ro code  0x08002d0c     0x4  startup_stm32f103xb.o [1]
  .text               ro code  0x08002d10     0x4  startup_stm32f103xb.o [1]
  .text               ro code  0x08002d14     0x4  startup_stm32f103xb.o [1]
  .text               ro code  0x08002d18     0x4  startup_stm32f103xb.o [1]
  .text               ro code  0x08002d1c     0x4  startup_stm32f103xb.o [1]
  .text               ro code  0x08002d20     0x4  startup_stm32f103xb.o [1]
  .text               ro code  0x08002d24     0x4  startup_stm32f103xb.o [1]
  .text               ro code  0x08002d28     0x4  startup_stm32f103xb.o [1]
  .rodata             const    0x08002d2c     0x0  packbits_init_single.o [5]
  Initializer bytes   const    0x08002d2c    0x18  <for P2-1>
                             - 0x08002d44  0x2c58

"P2", part 1 of 2:                          0x118
  P2-1                         0x20000000   0x118  <Init block>
    .data             inited   0x20000000     0xc  stm32f1xx_hal.o [1]
    .data             inited   0x2000000c     0x4  system_stm32f1xx.o [1]
    __DLIB_PERTHREAD  inited   0x20000010    0x88  localeconv.o [3]
    __DLIB_PERTHREAD  inited   0x20000098    0x74  setlocale.o [3]
    .bss              inited   0x2000010c     0x8  xxmemxmalloc.o [3]
    .bss              inited   0x20000114     0x4  xgetmemchunk.o [3]
                             - 0x20000118   0x118

"P2", part 2 of 2:                          0x600
  CSTACK                       0x20000118   0x400  <Block>
    CSTACK            uninit   0x20000118   0x400  <Block tail>
  HEAP                         0x20000518   0x200  <Block>
    HEAP              uninit   0x20000518   0x200  <Block tail>
                             - 0x20000718   0x600


*******************************************************************************
*** INIT TABLE
***

          Address     Size
          -------     ----
Copy/packbits (__iar_packbits_init_single3)
    1 source range, total size 0x18 (8% of destination):
          0x08002d2c   0x18
    1 destination range, total size 0x118:
          0x20000000  0x118



*******************************************************************************
*** MODULE SUMMARY
***

    Module                  ro code  ro data  rw data
    ------                  -------  -------  -------
D:\Embedded_Project\IAR_Project\LCD_STM32F103\LCD_STM32F103\EWARM\LCD_STM32F103\Obj: [1]
    LCD.o                       482
    main.o                      310
    startup_stm32f103xb.o       424
    stm32f1xx_hal.o             168        1       12
    stm32f1xx_hal_cortex.o      198
    stm32f1xx_hal_gpio.o        432
    stm32f1xx_hal_msp.o         136
    stm32f1xx_hal_rcc.o       1 158
    stm32f1xx_it.o               30
    system_stm32f1xx.o           92                 4
    -------------------------------------------------
    Total:                    3 430        1       16

command line: [2]
    -------------------------------------------------
    Total:

dl7M_tlf.a: [3]
    div.o                        14
    exit.o                        4
    localeconv.o                108       12      136
    low_level_init.o              4
    setlocale.o                  20        9      116
    sprintf.o                    52
    xencoding_sb.o               96
    xgetmemchunk.o               44        1        4
    xmbcurmax.o                  10
    xmbtowc.o                    32
    xprintffull.o             4 490
    xsprout.o                    10
    xtls.o                        2
    xwctomb.o                    26
    xxmemxfree.o                128
    xxmemxmalloc.o              176        1        8
    -------------------------------------------------
    Total:                    5 216       23      264

m7M_tl.a: [4]
    DblAdd.o                    212
    DblCmpGe.o                   46
    DblCmpLe.o                   46
    DblDiv.o                    598
    DblMul.o                    418
    DblSub.o                    384
    DblToI32.o                   88
    I32ToDbl.o                   48
    xdnorm.o                     68
    xdscale.o                   268
    -------------------------------------------------
    Total:                    2 176

rt7M_tl.a: [5]
    ABImemcpy_unaligned.o       118
    I64DivMod.o                 238
    I64DivZer.o                   2
    cexit.o                      10
    cmain.o                      26
    cstartup_M.o                 12
    data_init.o                  40
    memchr.o                     88
    packbits_init_single.o       56
    strchr.o                     22
    strlen.o                     54
    -------------------------------------------------
    Total:                      666

shb_l.a: [6]
    exit.o                       20
    -------------------------------------------------
    Total:                       20

    Gaps                         40
    Linker created                        16    1 536
-----------------------------------------------------
    Grand Total:             11 548       40    1 816


*******************************************************************************
*** ENTRY LIST
***

Entry                      Address   Size  Type      Object
-----                      -------   ----  ----      ------
.iar.init_table$$Base   0x08002be0          --   Gb  - Linker created -
.iar.init_table$$Limit  0x08002bf0          --   Gb  - Linker created -
?main                   0x08002c21         Code  Gb  cmain.o [5]
AHBPrescTable           0x08002b70   0x10  Data  Gb  system_stm32f1xx.o [1]
BusFault_Handler        0x08002bf7    0x2  Code  Gb  stm32f1xx_it.o [1]
CSTACK$$Base            0x20000118          --   Gb  - Linker created -
CSTACK$$Limit           0x20000518          --   Gb  - Linker created -
DebugMon_Handler        0x08002bfd    0x2  Code  Gb  stm32f1xx_it.o [1]
HAL_Delay               0x080028e5   0x28  Code  Wk  stm32f1xx_hal.o [1]
HAL_GPIO_Init           0x08002735  0x174  Code  Gb  stm32f1xx_hal_gpio.o [1]
HAL_GPIO_WritePin       0x080028a9    0x8  Code  Gb  stm32f1xx_hal_gpio.o [1]
HAL_GetTick             0x0800243d    0xc  Code  Wk  stm32f1xx_hal.o [1]
HAL_IncTick             0x08002c11   0x10  Code  Wk  stm32f1xx_hal.o [1]
HAL_Init                0x08002a45   0x20  Code  Gb  stm32f1xx_hal.o [1]
HAL_InitTick            0x08002449   0x40  Code  Wk  stm32f1xx_hal.o [1]
HAL_MspInit             0x08002a9d   0x88  Code  Gb  stm32f1xx_hal_msp.o [1]
HAL_NVIC_SetPriority    0x080024bd   0x3a  Code  Gb  stm32f1xx_hal_cortex.o [1]
HAL_NVIC_SetPriorityGrouping
                        0x080024a3   0x1a  Code  Gb  stm32f1xx_hal_cortex.o [1]
HAL_RCC_ClockConfig     0x0800228f  0x10a  Code  Gb  stm32f1xx_hal_rcc.o [1]
HAL_RCC_GetHCLKFreq     0x080023fb    0x6  Code  Gb  stm32f1xx_hal_rcc.o [1]
HAL_RCC_GetSysClockFreq
                        0x080023ad   0x4e  Code  Gb  stm32f1xx_hal_rcc.o [1]
HAL_RCC_OscConfig       0x08001fb5  0x2d2  Code  Gb  stm32f1xx_hal_rcc.o [1]
HAL_SYSTICK_CLKSourceConfig
                        0x0800251f   0x14  Code  Gb  stm32f1xx_hal_cortex.o [1]
HAL_SYSTICK_Callback    0x0800254d    0x2  Code  Wk  stm32f1xx_hal_cortex.o [1]
HAL_SYSTICK_Config      0x080024f7   0x28  Code  Gb  stm32f1xx_hal_cortex.o [1]
HAL_SYSTICK_IRQHandler  0x08002549    0x4  Code  Gb  stm32f1xx_hal_cortex.o [1]
HEAP$$Base              0x20000518          --   Gb  - Linker created -
HEAP$$Limit             0x20000718          --   Gb  - Linker created -
HardFault_Handler       0x08002bf3    0x2  Code  Gb  stm32f1xx_it.o [1]
LCD_Clean               0x080026a5    0xe  Code  Gb  LCD.o [1]
LCD_Command             0x080025c9    0xa  Code  Gb  LCD.o [1]
LCD_Data                0x080025d3    0x8  Code  Gb  LCD.o [1]
LCD_Init                0x0800260d   0x8c  Code  Gb  LCD.o [1]
LCD_SetPos              0x080026cf   0x1c  Code  Gb  LCD.o [1]
LCD_String              0x080026b3   0x1c  Code  Gb  LCD.o [1]
LoadInt                 0x08000753   0x6e  Code  Lc  xprintffull.o [3]
MemManage_Handler       0x08002bf5    0x2  Code  Gb  stm32f1xx_it.o [1]
NMI_Handler             0x08002bf1    0x2  Code  Gb  stm32f1xx_it.o [1]
NVIC_SetPriority        0x08002489   0x1a  Code  Lc  stm32f1xx_hal_cortex.o [1]
PendSV_Handler          0x08002bff    0x2  Code  Gb  stm32f1xx_it.o [1]
Region$$Table$$Base     0x08002be0          --   Gb  - Linker created -
Region$$Table$$Limit    0x08002bf0          --   Gb  - Linker created -
SVC_Handler             0x08002bfb    0x2  Code  Gb  stm32f1xx_it.o [1]
Send_Byte               0x08002551   0x78  Code  Gb  LCD.o [1]
SysTick_Handler         0x08002c01    0xe  Code  Gb  stm32f1xx_it.o [1]
SystemClock_Config      0x080029cf   0x74  Code  Gb  main.o [1]
SystemCoreClock         0x2000000c    0x4  Data  Gb  system_stm32f1xx.o [1]
SystemInit              0x08002b25   0x3a  Code  Gb  system_stm32f1xx.o [1]
UsageFault_Handler      0x08002bf9    0x2  Code  Gb  stm32f1xx_it.o [1]
_EncodingSb_Mbtowc      0x08001e67   0x30  Code  Gb  xencoding_sb.o [3]
_EncodingSb_Mbtowc::initial
                        0x08001ea4    0x8  Data  Lc  xencoding_sb.o [3]
_EncodingSb_Wctomb      0x08001e4d   0x1a  Code  Gb  xencoding_sb.o [3]
_EncodingSb_Wctomb::initial
                        0x08001e9c    0x8  Data  Lc  xencoding_sb.o [3]
_GenldFull              0x08000fd9  0x254  Code  Lc  xprintffull.o [3]
_IsdstStr               0x2000009c    0x4  Data  Gb  setlocale.o [3]
_LdtobFull              0x08000bd9  0x3fa  Code  Lc  xprintffull.o [3]
_LitobFull              0x08000acd  0x10a  Code  Lc  xprintffull.o [3]
_LocaleEncoding         0x08001e39    0xe  Code  Gb  setlocale.o [3]
_LocaleReturnString     0x200000bc   0x50  Data  Lc  setlocale.o [3]
_Locale_Profile         0x200000a0   0x1c  Data  Gb  setlocale.o [3]
_Locale_aeabi_lconv     0x20000060   0x38  Data  Gb  localeconv.o [3]
_Locale_lconv           0x20000010   0x50  Data  Gb  localeconv.o [3]
_Mbtowc                 0x08001277   0x20  Code  Gb  xmbtowc.o [3]
_PrintfFull             0x080000ed  0x650  Code  Gb  xprintffull.o [3]
_PutcharsFull           0x0800122d   0x2e  Code  Lc  xprintffull.o [3]
_PutstrFull             0x080007c1  0x306  Code  Lc  xprintffull.o [3]
_SProut                 0x08001297    0xa  Code  Gb  xsprout.o [3]
_TzoneStr               0x20000098    0x4  Data  Gb  setlocale.o [3]
_Wctomb                 0x08001405   0x1a  Code  Gb  xwctomb.o [3]
__aeabi_cdcmple         0x0800164d         Code  Gb  DblCmpLe.o [4]
__aeabi_cdrcmple        0x0800167d         Code  Gb  DblCmpGe.o [4]
__aeabi_d2iz            0x080017b9         Code  Gb  DblToI32.o [4]
__aeabi_d2uiz           0x080017e5         Code  Gb  DblToI32.o [4]
__aeabi_ddiv            0x08001b65         Code  Gb  DblDiv.o [4]
__aeabi_dmul            0x080019c1         Code  Gb  DblMul.o [4]
__aeabi_dsub            0x08001841         Code  Gb  DblSub.o [4]
__aeabi_i2d             0x08001811         Code  Gb  I32ToDbl.o [4]
__aeabi_ldiv0           0x08001ed9         Code  Gb  I64DivZer.o [5]
__aeabi_ui2d            0x08001825         Code  Gb  I32ToDbl.o [4]
__aeabi_uldivmod        0x08001519         Code  Gb  I64DivMod.o [5]
__cmain                 0x08002c21         Code  Gb  cmain.o [5]
__data_Aldata           0x2000010c    0x8  Data  Gb  xxmemxmalloc.o [3]
__data_GetMemChunk      0x08001ead   0x2c  Code  Gb  xgetmemchunk.o [3]
__data_GetMemChunk::start
                        0x20000114    0x4  Data  Lc  xgetmemchunk.o [3]
__exit                  0x08002c51   0x14  Code  Gb  exit.o [6]
__iar_Dnorm             0x08001607   0x44  Code  Gb  xdnorm.o [4]
__iar_Dscale            0x080016ad  0x10c  Code  Gb  xdscale.o [4]
__iar_Locale_lconv_init
                        0x08001dbd   0x3a  Code  Gb  localeconv.o [3]
__iar_Mbcurmax          0x08001349    0xa  Code  Gb  xmbcurmax.o [3]
__iar_Memchr            0x080012f1         Code  Gb  memchr.o [5]
__iar_Strchr            0x080012a1         Code  Gb  strchr.o [5]
__iar_d2uiz             0x080017f1         Code  Gb  DblToI32.o [4]
__iar_dadd              0x08001edd         Code  Gb  DblAdd.o [4]
__iar_data_init3        0x08002bb9   0x28  Code  Gb  data_init.o [5]
__iar_dlib_perthread_access
                        0x08001fb1    0x2  Code  Gb  xtls.o [3]
__iar_dsub              0x08001855         Code  Gb  DblSub.o [4]
__iar_dsubStart         0x08001867         Code  Gb  DblSub.o [4]
__iar_packbits_init_single3
                        0x08002b81   0x38  Code  Gb  packbits_init_single.o [5]
__iar_program_start     0x08002c75         Code  Gb  cstartup_M.o [5]
__iar_ui2d              0x08001829         Code  Gb  I32ToDbl.o [4]
__iar_unaligned___aeabi_memcpy
                        0x08001421         Code  Gb  ABImemcpy_unaligned.o [5]
__iar_unaligned___aeabi_memcpy4
                        0x08001441         Code  Gb  ABImemcpy_unaligned.o [5]
__iar_unaligned___aeabi_memcpy8
                        0x08001441         Code  Gb  ABImemcpy_unaligned.o [5]
__low_level_init        0x08002c3b    0x4  Code  Gb  low_level_init.o [3]
__vector_table          0x08000000         Data  Gb  startup_stm32f103xb.o [1]
_call_main              0x08002c2d         Code  Gb  cmain.o [5]
_exit                   0x08002c45         Code  Gb  cexit.o [5]
_main                   0x08002c37         Code  Gb  cmain.o [5]
div                     0x08001e29    0xe  Code  Gb  div.o [3]
exit                    0x08002c3f    0x4  Code  Gb  exit.o [3]
free                    0x08001499   0x7a  Code  Gb  xxmemxfree.o [3]
localeconv              0x08001df7   0x16  Code  Gb  localeconv.o [3]
main                    0x0800290d   0xa2  Code  Gb  main.o [1]
malloc                  0x08001355   0xac  Code  Gb  xxmemxmalloc.o [3]
memchr                  0x080012f1         Code  Gb  memchr.o [5]
sprintf                 0x08002a69   0x34  Code  Gb  sprintf.o [3]
strchr                  0x080012a1         Code  Gb  strchr.o [5]
strlen                  0x080012b9         Code  Gb  strlen.o [5]
uwTick                  0x20000004    0x4  Data  Gb  stm32f1xx_hal.o [1]
uwTickFreq              0x20000000    0x1  Data  Gb  stm32f1xx_hal.o [1]
uwTickPrio              0x20000008    0x4  Data  Gb  stm32f1xx_hal.o [1]


[1] = D:\Embedded_Project\IAR_Project\LCD_STM32F103\LCD_STM32F103\EWARM\LCD_STM32F103\Obj
[2] = command line
[3] = dl7M_tlf.a
[4] = m7M_tl.a
[5] = rt7M_tl.a
[6] = shb_l.a

  11 548 bytes of readonly  code memory
      40 bytes of readonly  data memory
   1 816 bytes of readwrite data memory

Errors: none
Warnings: none
