###############################################################################
#
# IAR ELF Linker V7.70.1.11437/W32 for ARM                10/Jan/2019  22:16:47
# Copyright 2007-2016 IAR Systems AB.
#
#    Output file  =  
#        D:\Embedded_Project\IAR_Project\ADS1294_F429\EWARM\ADS1294_F429\Exe\ADS1294_F429.out
#    Map file     =  
#        D:\Embedded_Project\IAR_Project\ADS1294_F429\EWARM\ADS1294_F429\List\ADS1294_F429.map
#    Command line =  
#        D:\Embedded_Project\IAR_Project\ADS1294_F429\EWARM\ADS1294_F429\Obj\ADS1294_Init.o
#        D:\Embedded_Project\IAR_Project\ADS1294_F429\EWARM\ADS1294_F429\Obj\ADS1294_ReadData.o
#        D:\Embedded_Project\IAR_Project\ADS1294_F429\EWARM\ADS1294_F429\Obj\ADS1294_RW_SendComand.o
#        D:\Embedded_Project\IAR_Project\ADS1294_F429\EWARM\ADS1294_F429\Obj\ADS1294_SetConfigurations.o
#        D:\Embedded_Project\IAR_Project\ADS1294_F429\EWARM\ADS1294_F429\Obj\Hamamatsu.o
#        D:\Embedded_Project\IAR_Project\ADS1294_F429\EWARM\ADS1294_F429\Obj\main.o
#        D:\Embedded_Project\IAR_Project\ADS1294_F429\EWARM\ADS1294_F429\Obj\startup_stm32f429xx.o
#        D:\Embedded_Project\IAR_Project\ADS1294_F429\EWARM\ADS1294_F429\Obj\stm32f4xx_hal.o
#        D:\Embedded_Project\IAR_Project\ADS1294_F429\EWARM\ADS1294_F429\Obj\stm32f4xx_hal_cortex.o
#        D:\Embedded_Project\IAR_Project\ADS1294_F429\EWARM\ADS1294_F429\Obj\stm32f4xx_hal_dac.o
#        D:\Embedded_Project\IAR_Project\ADS1294_F429\EWARM\ADS1294_F429\Obj\stm32f4xx_hal_dac_ex.o
#        D:\Embedded_Project\IAR_Project\ADS1294_F429\EWARM\ADS1294_F429\Obj\stm32f4xx_hal_dma.o
#        D:\Embedded_Project\IAR_Project\ADS1294_F429\EWARM\ADS1294_F429\Obj\stm32f4xx_hal_dma_ex.o
#        D:\Embedded_Project\IAR_Project\ADS1294_F429\EWARM\ADS1294_F429\Obj\stm32f4xx_hal_flash.o
#        D:\Embedded_Project\IAR_Project\ADS1294_F429\EWARM\ADS1294_F429\Obj\stm32f4xx_hal_flash_ex.o
#        D:\Embedded_Project\IAR_Project\ADS1294_F429\EWARM\ADS1294_F429\Obj\stm32f4xx_hal_flash_ramfunc.o
#        D:\Embedded_Project\IAR_Project\ADS1294_F429\EWARM\ADS1294_F429\Obj\stm32f4xx_hal_gpio.o
#        D:\Embedded_Project\IAR_Project\ADS1294_F429\EWARM\ADS1294_F429\Obj\stm32f4xx_hal_i2c.o
#        D:\Embedded_Project\IAR_Project\ADS1294_F429\EWARM\ADS1294_F429\Obj\stm32f4xx_hal_i2c_ex.o
#        D:\Embedded_Project\IAR_Project\ADS1294_F429\EWARM\ADS1294_F429\Obj\stm32f4xx_hal_msp.o
#        D:\Embedded_Project\IAR_Project\ADS1294_F429\EWARM\ADS1294_F429\Obj\stm32f4xx_hal_pwr.o
#        D:\Embedded_Project\IAR_Project\ADS1294_F429\EWARM\ADS1294_F429\Obj\stm32f4xx_hal_pwr_ex.o
#        D:\Embedded_Project\IAR_Project\ADS1294_F429\EWARM\ADS1294_F429\Obj\stm32f4xx_hal_rcc.o
#        D:\Embedded_Project\IAR_Project\ADS1294_F429\EWARM\ADS1294_F429\Obj\stm32f4xx_hal_rcc_ex.o
#        D:\Embedded_Project\IAR_Project\ADS1294_F429\EWARM\ADS1294_F429\Obj\stm32f4xx_hal_spi.o
#        D:\Embedded_Project\IAR_Project\ADS1294_F429\EWARM\ADS1294_F429\Obj\stm32f4xx_hal_tim.o
#        D:\Embedded_Project\IAR_Project\ADS1294_F429\EWARM\ADS1294_F429\Obj\stm32f4xx_hal_tim_ex.o
#        D:\Embedded_Project\IAR_Project\ADS1294_F429\EWARM\ADS1294_F429\Obj\stm32f4xx_hal_uart.o
#        D:\Embedded_Project\IAR_Project\ADS1294_F429\EWARM\ADS1294_F429\Obj\stm32f4xx_it.o
#        D:\Embedded_Project\IAR_Project\ADS1294_F429\EWARM\ADS1294_F429\Obj\system_stm32f4xx.o
#        --redirect _Printf=_PrintfFull --redirect _Scanf=_ScanfFull -o
#        D:\Embedded_Project\IAR_Project\ADS1294_F429\EWARM\ADS1294_F429\Exe\ADS1294_F429.out
#        --map
#        D:\Embedded_Project\IAR_Project\ADS1294_F429\EWARM\ADS1294_F429\List\ADS1294_F429.map
#        --config
#        D:\Embedded_Project\IAR_Project\ADS1294_F429\EWARM/stm32f429xx_flash.icf
#        --semihosting --entry __iar_program_start --vfe
#
###############################################################################

*******************************************************************************
*** RUNTIME MODEL ATTRIBUTES
***

CppFlavor       = *
__SystemLibrary = DLib


*******************************************************************************
*** PLACEMENT SUMMARY
***

"A0":  place at 0x08000000 { ro section .intvec };
"P1":  place in [from 0x08000000 to 0x081fffff] { ro };
"P2":  place in [from 0x20000000 to 0x2002ffff] { rw, block CSTACK, block HEAP };
initialize by copy { rw };

  Section            Kind        Address    Size  Object
  -------            ----        -------    ----  ------
"A0":                                      0x1ac
  .intvec            ro code  0x08000000   0x1ac  startup_stm32f429xx.o [1]
                            - 0x080001ac   0x1ac

"P1":                                     0x1cdc
  .text              ro code  0x080001ac   0xa64  stm32f4xx_hal_i2c.o [1]
  .text              ro code  0x08000c10   0x1f8  stm32f4xx_hal_msp.o [1]
  .text              ro code  0x08000e08   0x1d0  stm32f4xx_hal_rcc.o [1]
  .text              ro code  0x08000fd8     0x2  stm32f4xx_hal_i2c.o [1]
  .text              ro code  0x08000fda     0x2  stm32f4xx_hal_i2c.o [1]
  .text              ro code  0x08000fdc     0x2  stm32f4xx_hal_i2c.o [1]
  .text              ro code  0x08000fde     0x2  stm32f4xx_hal_i2c.o [1]
  .text              ro code  0x08000fe0     0x2  stm32f4xx_hal_i2c.o [1]
  .text              ro code  0x08000fe2     0x2  stm32f4xx_hal_i2c.o [1]
  .text              ro code  0x08000fe4     0x2  stm32f4xx_hal_i2c.o [1]
  .text              ro code  0x08000fe6     0x2  stm32f4xx_hal_i2c.o [1]
  .text              ro code  0x08000fe8    0x24  stm32f4xx_hal_dma.o [1]
  .text              ro code  0x0800100c     0x2  stm32f4xx_hal_i2c.o [1]
  .text              ro code  0x0800100e     0x2  stm32f4xx_hal_i2c.o [1]
  .text              ro code  0x08001010    0xde  stm32f4xx_hal_cortex.o [1]
  .text              ro code  0x080010f0   0x1f4  stm32f4xx_hal_gpio.o [1]
  .text              ro code  0x080012e4     0xc  stm32f4xx_hal.o [1]
  .text              ro code  0x080012f0    0x28  stm32f4xx_hal.o [1]
  .text              ro code  0x08001318   0x298  stm32f4xx_hal_rcc.o [1]
  .text              ro code  0x080015b0   0x278  main.o [1]
  .text              ro code  0x08001828    0x34  stm32f4xx_hal.o [1]
  .text              ro code  0x0800185c    0x82  stm32f4xx_hal_spi.o [1]
  .text              ro code  0x080018e0   0x1ea  stm32f4xx_hal_uart.o [1]
  .text              ro code  0x08001acc    0x74  stm32f4xx_hal_dac.o [1]
  .text              ro code  0x08001b40    0x60  system_stm32f4xx.o [1]
  .text              ro code  0x08001ba0    0x40  zero_init3.o [5]
  .text              ro code  0x08001be0    0x30  stm32f4xx_it.o [1]
  .text              ro code  0x08001c10    0x10  stm32f4xx_hal.o [1]
  .text              ro code  0x08001c20    0x2c  copy_init3.o [5]
  .text              ro code  0x08001c4c    0x28  data_init.o [5]
  .text              ro code  0x08001c74    0x22  fpinit_M.o [4]
  .iar.init_table    const    0x08001c98    0x24  - Linker created -
  .text              ro code  0x08001cbc    0x1a  cmain.o [5]
  .text              ro code  0x08001cd6     0x4  low_level_init.o [3]
  .text              ro code  0x08001cda     0x4  exit.o [3]
  .text              ro code  0x08001ce0     0xa  cexit.o [5]
  .text              ro code  0x08001cec    0x14  exit.o [6]
  .text              ro code  0x08001d00    0x10  startup_stm32f429xx.o [1]
  .text              ro code  0x08001d10     0xc  cstartup_M.o [5]
  .rodata            const    0x08001d1c     0x8  system_stm32f4xx.o [1]
  .text              ro code  0x08001d24     0x4  startup_stm32f429xx.o [1]
  .text              ro code  0x08001d28     0x4  startup_stm32f429xx.o [1]
  .text              ro code  0x08001d2c     0x4  startup_stm32f429xx.o [1]
  .text              ro code  0x08001d30     0x4  startup_stm32f429xx.o [1]
  .text              ro code  0x08001d34     0x4  startup_stm32f429xx.o [1]
  .text              ro code  0x08001d38     0x4  startup_stm32f429xx.o [1]
  .text              ro code  0x08001d3c     0x4  startup_stm32f429xx.o [1]
  .text              ro code  0x08001d40     0x4  startup_stm32f429xx.o [1]
  .text              ro code  0x08001d44     0x4  startup_stm32f429xx.o [1]
  .text              ro code  0x08001d48     0x4  startup_stm32f429xx.o [1]
  .text              ro code  0x08001d4c     0x4  startup_stm32f429xx.o [1]
  .text              ro code  0x08001d50     0x4  startup_stm32f429xx.o [1]
  .text              ro code  0x08001d54     0x4  startup_stm32f429xx.o [1]
  .text              ro code  0x08001d58     0x4  startup_stm32f429xx.o [1]
  .text              ro code  0x08001d5c     0x4  startup_stm32f429xx.o [1]
  .text              ro code  0x08001d60     0x4  startup_stm32f429xx.o [1]
  .text              ro code  0x08001d64     0x4  startup_stm32f429xx.o [1]
  .text              ro code  0x08001d68     0x4  startup_stm32f429xx.o [1]
  .text              ro code  0x08001d6c     0x4  startup_stm32f429xx.o [1]
  .text              ro code  0x08001d70     0x4  startup_stm32f429xx.o [1]
  .text              ro code  0x08001d74     0x4  startup_stm32f429xx.o [1]
  .text              ro code  0x08001d78     0x4  startup_stm32f429xx.o [1]
  .text              ro code  0x08001d7c     0x4  startup_stm32f429xx.o [1]
  .text              ro code  0x08001d80     0x4  startup_stm32f429xx.o [1]
  .text              ro code  0x08001d84     0x4  startup_stm32f429xx.o [1]
  .text              ro code  0x08001d88     0x4  startup_stm32f429xx.o [1]
  .text              ro code  0x08001d8c     0x4  startup_stm32f429xx.o [1]
  .text              ro code  0x08001d90     0x4  startup_stm32f429xx.o [1]
  .text              ro code  0x08001d94     0x4  startup_stm32f429xx.o [1]
  .text              ro code  0x08001d98     0x4  startup_stm32f429xx.o [1]
  .text              ro code  0x08001d9c     0x4  startup_stm32f429xx.o [1]
  .text              ro code  0x08001da0     0x4  startup_stm32f429xx.o [1]
  .text              ro code  0x08001da4     0x4  startup_stm32f429xx.o [1]
  .text              ro code  0x08001da8     0x4  startup_stm32f429xx.o [1]
  .text              ro code  0x08001dac     0x4  startup_stm32f429xx.o [1]
  .text              ro code  0x08001db0     0x4  startup_stm32f429xx.o [1]
  .text              ro code  0x08001db4     0x4  startup_stm32f429xx.o [1]
  .text              ro code  0x08001db8     0x4  startup_stm32f429xx.o [1]
  .text              ro code  0x08001dbc     0x4  startup_stm32f429xx.o [1]
  .text              ro code  0x08001dc0     0x4  startup_stm32f429xx.o [1]
  .text              ro code  0x08001dc4     0x4  startup_stm32f429xx.o [1]
  .text              ro code  0x08001dc8     0x4  startup_stm32f429xx.o [1]
  .text              ro code  0x08001dcc     0x4  startup_stm32f429xx.o [1]
  .text              ro code  0x08001dd0     0x4  startup_stm32f429xx.o [1]
  .text              ro code  0x08001dd4     0x4  startup_stm32f429xx.o [1]
  .text              ro code  0x08001dd8     0x4  startup_stm32f429xx.o [1]
  .text              ro code  0x08001ddc     0x4  startup_stm32f429xx.o [1]
  .text              ro code  0x08001de0     0x4  startup_stm32f429xx.o [1]
  .text              ro code  0x08001de4     0x4  startup_stm32f429xx.o [1]
  .text              ro code  0x08001de8     0x4  startup_stm32f429xx.o [1]
  .text              ro code  0x08001dec     0x4  startup_stm32f429xx.o [1]
  .text              ro code  0x08001df0     0x4  startup_stm32f429xx.o [1]
  .text              ro code  0x08001df4     0x4  startup_stm32f429xx.o [1]
  .text              ro code  0x08001df8     0x4  startup_stm32f429xx.o [1]
  .text              ro code  0x08001dfc     0x4  startup_stm32f429xx.o [1]
  .text              ro code  0x08001e00     0x4  startup_stm32f429xx.o [1]
  .text              ro code  0x08001e04     0x4  startup_stm32f429xx.o [1]
  .text              ro code  0x08001e08     0x4  startup_stm32f429xx.o [1]
  .text              ro code  0x08001e0c     0x4  startup_stm32f429xx.o [1]
  .text              ro code  0x08001e10     0x4  startup_stm32f429xx.o [1]
  .text              ro code  0x08001e14     0x4  startup_stm32f429xx.o [1]
  .text              ro code  0x08001e18     0x4  startup_stm32f429xx.o [1]
  .text              ro code  0x08001e1c     0x4  startup_stm32f429xx.o [1]
  .text              ro code  0x08001e20     0x4  startup_stm32f429xx.o [1]
  .text              ro code  0x08001e24     0x4  startup_stm32f429xx.o [1]
  .text              ro code  0x08001e28     0x4  startup_stm32f429xx.o [1]
  .text              ro code  0x08001e2c     0x4  startup_stm32f429xx.o [1]
  .text              ro code  0x08001e30     0x4  startup_stm32f429xx.o [1]
  .text              ro code  0x08001e34     0x4  startup_stm32f429xx.o [1]
  .text              ro code  0x08001e38     0x4  startup_stm32f429xx.o [1]
  .text              ro code  0x08001e3c     0x4  startup_stm32f429xx.o [1]
  .text              ro code  0x08001e40     0x4  startup_stm32f429xx.o [1]
  .text              ro code  0x08001e44     0x4  startup_stm32f429xx.o [1]
  .text              ro code  0x08001e48     0x4  startup_stm32f429xx.o [1]
  .text              ro code  0x08001e4c     0x4  startup_stm32f429xx.o [1]
  .text              ro code  0x08001e50     0x4  startup_stm32f429xx.o [1]
  .text              ro code  0x08001e54     0x4  startup_stm32f429xx.o [1]
  .text              ro code  0x08001e58     0x4  startup_stm32f429xx.o [1]
  .text              ro code  0x08001e5c     0x4  startup_stm32f429xx.o [1]
  .text              ro code  0x08001e60     0x4  startup_stm32f429xx.o [1]
  .text              ro code  0x08001e64     0x4  startup_stm32f429xx.o [1]
  .text              ro code  0x08001e68     0x4  startup_stm32f429xx.o [1]
  .text              ro code  0x08001e6c     0x4  startup_stm32f429xx.o [1]
  .text              ro code  0x08001e70     0x4  startup_stm32f429xx.o [1]
  .text              ro code  0x08001e74     0x4  startup_stm32f429xx.o [1]
  .text              ro code  0x08001e78     0x4  startup_stm32f429xx.o [1]
  .text              ro code  0x08001e7c     0x4  startup_stm32f429xx.o [1]
  .text              ro code  0x08001e80     0x4  startup_stm32f429xx.o [1]
  Initializer bytes  const    0x08001e84     0x4  <for P2-1>
  .rodata            const    0x08001e88     0x0  zero_init3.o [5]
  .rodata            const    0x08001e88     0x0  copy_init3.o [5]
                            - 0x08001e88  0x1cdc

"P2", part 1 of 3:                           0x4
  P2-1                        0x20000000     0x4  <Init block>
    .data            inited   0x20000000     0x4  system_stm32f4xx.o [1]
                            - 0x20000004     0x4

"P2", part 2 of 3:                         0x400
  CSTACK                      0x20000008   0x400  <Block>
    CSTACK           uninit   0x20000008   0x400  <Block tail>
                            - 0x20000408   0x400

"P2", part 3 of 3:                         0x104
  .bss               zero     0x20000408    0xec  main.o [1]
  .bss               zero     0x200004f4    0x14  main.o [1]
  .bss               zero     0x20000508     0x4  stm32f4xx_hal.o [1]
                            - 0x2000050c   0x104


*******************************************************************************
*** INIT TABLE
***

          Address     Size
          -------     ----
Zero (__iar_zero_init3)
    1 destination range, total size 0x104:
          0x20000408  0x104

Copy (__iar_copy_init3)
    1 source range, total size 0x4:
          0x08001e84    0x4
    1 destination range, total size 0x4:
          0x20000000    0x4



*******************************************************************************
*** MODULE SUMMARY
***

    Module                  ro code  ro data  rw data
    ------                  -------  -------  -------
D:\Embedded_Project\IAR_Project\ADS1294_F429\EWARM\ADS1294_F429\Obj: [1]
    main.o                      632               256
    startup_stm32f429xx.o       796
    stm32f4xx_hal.o             120                 4
    stm32f4xx_hal_cortex.o      222
    stm32f4xx_hal_dac.o         116
    stm32f4xx_hal_dma.o          36
    stm32f4xx_hal_gpio.o        500
    stm32f4xx_hal_i2c.o       2 680
    stm32f4xx_hal_msp.o         504
    stm32f4xx_hal_rcc.o       1 128
    stm32f4xx_hal_spi.o         130
    stm32f4xx_hal_uart.o        490
    stm32f4xx_it.o               48
    system_stm32f4xx.o           96       12        4
    -------------------------------------------------
    Total:                    7 498       12      264

command line: [2]
    -------------------------------------------------
    Total:

dl7M_tlf.a: [3]
    exit.o                        4
    low_level_init.o              4
    -------------------------------------------------
    Total:                        8

m7M_tls.a: [4]
    fpinit_M.o                   34
    -------------------------------------------------
    Total:                       34

rt7M_tl.a: [5]
    cexit.o                      10
    cmain.o                      26
    copy_init3.o                 44
    cstartup_M.o                 12
    data_init.o                  40
    zero_init3.o                 64
    -------------------------------------------------
    Total:                      196

shb_l.a: [6]
    exit.o                       20
    -------------------------------------------------
    Total:                       20

    Gaps                         10        2
    Linker created                        36    1 024
-----------------------------------------------------
    Grand Total:              7 766       50    1 288


*******************************************************************************
*** ENTRY LIST
***

Entry                      Address   Size  Type      Object
-----                      -------   ----  ----      ------
.iar.init_table$$Base   0x08001c98          --   Gb  - Linker created -
.iar.init_table$$Limit  0x08001cbc          --   Gb  - Linker created -
?main                   0x08001cbd         Code  Gb  cmain.o [5]
AHBPrescTable           0x08001b90   0x10  Data  Gb  system_stm32f4xx.o [1]
APBPrescTable           0x08001d1c    0x8  Data  Gb  system_stm32f4xx.o [1]
BusFault_Handler        0x08001be7    0x2  Code  Gb  stm32f4xx_it.o [1]
CSTACK$$Base            0x20000008          --   Gb  - Linker created -
CSTACK$$Limit           0x20000408          --   Gb  - Linker created -
DebugMon_Handler        0x08001bed    0x2  Code  Gb  stm32f4xx_it.o [1]
HAL_DAC_ConfigChannel   0x08001af3   0x42  Code  Gb  stm32f4xx_hal_dac.o [1]
HAL_DAC_Init            0x08001acd   0x26  Code  Gb  stm32f4xx_hal_dac.o [1]
HAL_DAC_MspInit         0x08000c71   0x32  Code  Gb  stm32f4xx_hal_msp.o [1]
HAL_DMA_Abort_IT        0x08000fe9   0x24  Code  Gb  stm32f4xx_hal_dma.o [1]
HAL_GPIO_Init           0x080010f1  0x1b8  Code  Gb  stm32f4xx_hal_gpio.o [1]
HAL_GPIO_WritePin       0x080012a9    0x8  Code  Gb  stm32f4xx_hal_gpio.o [1]
HAL_GetTick             0x080012e5    0xc  Code  Wk  stm32f4xx_hal.o [1]
HAL_I2C_AbortCpltCallback
                        0x0800100d    0x2  Code  Wk  stm32f4xx_hal_i2c.o [1]
HAL_I2C_AddrCallback    0x08000fd9    0x2  Code  Wk  stm32f4xx_hal_i2c.o [1]
HAL_I2C_ER_IRQHandler   0x080004d9   0xb6  Code  Gb  stm32f4xx_hal_i2c.o [1]
HAL_I2C_EV_IRQHandler   0x080002bf  0x1f6  Code  Gb  stm32f4xx_hal_i2c.o [1]
HAL_I2C_ErrorCallback   0x0800100f    0x2  Code  Wk  stm32f4xx_hal_i2c.o [1]
HAL_I2C_Init            0x080001ad   0xc0  Code  Gb  stm32f4xx_hal_i2c.o [1]
HAL_I2C_ListenCpltCallback
                        0x08000fe7    0x2  Code  Wk  stm32f4xx_hal_i2c.o [1]
HAL_I2C_MasterRxCpltCallback
                        0x08000fe5    0x2  Code  Wk  stm32f4xx_hal_i2c.o [1]
HAL_I2C_MasterTxCpltCallback
                        0x08000fe1    0x2  Code  Wk  stm32f4xx_hal_i2c.o [1]
HAL_I2C_MemRxCpltCallback
                        0x08000fe3    0x2  Code  Wk  stm32f4xx_hal_i2c.o [1]
HAL_I2C_MemTxCpltCallback
                        0x08000fdf    0x2  Code  Wk  stm32f4xx_hal_i2c.o [1]
HAL_I2C_MspInit         0x08000ca3   0x66  Code  Gb  stm32f4xx_hal_msp.o [1]
HAL_I2C_SlaveRxCpltCallback
                        0x08000fdd    0x2  Code  Wk  stm32f4xx_hal_i2c.o [1]
HAL_I2C_SlaveTxCpltCallback
                        0x08000fdb    0x2  Code  Wk  stm32f4xx_hal_i2c.o [1]
HAL_IncTick             0x08001c11   0x10  Code  Wk  stm32f4xx_hal.o [1]
HAL_Init                0x08001829   0x30  Code  Gb  stm32f4xx_hal.o [1]
HAL_InitTick            0x080012f1   0x28  Code  Wk  stm32f4xx_hal.o [1]
HAL_MspInit             0x08000c11   0x60  Code  Gb  stm32f4xx_hal_msp.o [1]
HAL_NVIC_EnableIRQ      0x0800107f    0xc  Code  Gb  stm32f4xx_hal_cortex.o [1]
HAL_NVIC_SetPriority    0x08001045   0x3a  Code  Gb  stm32f4xx_hal_cortex.o [1]
HAL_NVIC_SetPriorityGrouping
                        0x0800102b   0x1a  Code  Gb  stm32f4xx_hal_cortex.o [1]
HAL_RCC_ClockConfig     0x08000e09  0x12a  Code  Gb  stm32f4xx_hal_rcc.o [1]
HAL_RCC_GetHCLKFreq     0x08000f41    0x6  Code  Gb  stm32f4xx_hal_rcc.o [1]
HAL_RCC_GetPCLK1Freq    0x08000f47   0x10  Code  Gb  stm32f4xx_hal_rcc.o [1]
HAL_RCC_GetPCLK2Freq    0x08000f57    0xe  Code  Gb  stm32f4xx_hal_rcc.o [1]
HAL_RCC_GetSysClockFreq
                        0x08000f85   0x54  Code  Wk  stm32f4xx_hal_rcc.o [1]
HAL_RCC_OscConfig       0x08001319  0x298  Code  Wk  stm32f4xx_hal_rcc.o [1]
HAL_SPI_Init            0x0800185d   0x76  Code  Gb  stm32f4xx_hal_spi.o [1]
HAL_SPI_MspInit         0x08000d1f   0x5e  Code  Gb  stm32f4xx_hal_msp.o [1]
HAL_SYSTICK_CLKSourceConfig
                        0x080010bb   0x14  Code  Gb  stm32f4xx_hal_cortex.o [1]
HAL_SYSTICK_Callback    0x080010ed    0x2  Code  Wk  stm32f4xx_hal_cortex.o [1]
HAL_SYSTICK_Config      0x08001093   0x28  Code  Gb  stm32f4xx_hal_cortex.o [1]
HAL_SYSTICK_IRQHandler  0x080010e9    0x4  Code  Gb  stm32f4xx_hal_cortex.o [1]
HAL_UART_Init           0x080018e1   0x28  Code  Gb  stm32f4xx_hal_uart.o [1]
HAL_UART_MspInit        0x08000d97   0x38  Code  Gb  stm32f4xx_hal_msp.o [1]
HardFault_Handler       0x08001be3    0x2  Code  Gb  stm32f4xx_it.o [1]
I2C3_ER_IRQHandler      0x08001c05    0x6  Code  Gb  stm32f4xx_it.o [1]
I2C3_EV_IRQHandler      0x08001bff    0x6  Code  Gb  stm32f4xx_it.o [1]
I2C_DMAAbort            0x08000bc1   0x50  Code  Lc  stm32f4xx_hal_i2c.o [1]
I2C_ITError             0x08000a9f   0xde  Code  Lc  stm32f4xx_hal_i2c.o [1]
I2C_MasterReceive_BTF   0x08000791   0x88  Code  Lc  stm32f4xx_hal_i2c.o [1]
I2C_MasterReceive_RXNE  0x080006f3   0x7a  Code  Lc  stm32f4xx_hal_i2c.o [1]
I2C_MasterTransmit_BTF  0x0800065d   0x48  Code  Lc  stm32f4xx_hal_i2c.o [1]
I2C_MasterTransmit_TXE  0x0800059d   0xbe  Code  Lc  stm32f4xx_hal_i2c.o [1]
I2C_Master_ADDR         0x08000847  0x10a  Code  Lc  stm32f4xx_hal_i2c.o [1]
I2C_Slave_AF            0x08000a19   0x5e  Code  Lc  stm32f4xx_hal_i2c.o [1]
I2C_Slave_STOPF         0x0800095f   0xa0  Code  Lc  stm32f4xx_hal_i2c.o [1]
MX_DAC_Init             0x080016fb   0x34  Code  Lc  main.o [1]
MX_GPIO_Init            0x0800172f   0xa4  Code  Lc  main.o [1]
MemManage_Handler       0x08001be5    0x2  Code  Gb  stm32f4xx_it.o [1]
NMI_Handler             0x08001be1    0x2  Code  Gb  stm32f4xx_it.o [1]
NVIC_SetPriority        0x08001011   0x1a  Code  Lc  stm32f4xx_hal_cortex.o [1]
PendSV_Handler          0x08001bef    0x2  Code  Gb  stm32f4xx_it.o [1]
Region$$Table$$Base     0x08001c98          --   Gb  - Linker created -
Region$$Table$$Limit    0x08001cbc          --   Gb  - Linker created -
SVC_Handler             0x08001beb    0x2  Code  Gb  stm32f4xx_it.o [1]
SysTick_Handler         0x08001bf1    0xe  Code  Gb  stm32f4xx_it.o [1]
SystemClock_Config      0x0800164d   0xae  Code  Gb  main.o [1]
SystemCoreClock         0x20000000    0x4  Data  Gb  system_stm32f4xx.o [1]
SystemInit              0x08001b41   0x3a  Code  Gb  system_stm32f4xx.o [1]
UART_SetConfig          0x0800194f  0x13a  Code  Lc  stm32f4xx_hal_uart.o [1]
UsageFault_Handler      0x08001be9    0x2  Code  Gb  stm32f4xx_it.o [1]
__cmain                 0x08001cbd         Code  Gb  cmain.o [5]
__exit                  0x08001ced   0x14  Code  Gb  exit.o [6]
__iar_copy_init3        0x08001c21   0x2c  Code  Gb  copy_init3.o [5]
__iar_data_init3        0x08001c4d   0x28  Code  Gb  data_init.o [5]
__iar_init_vfp          0x08001c75         Code  Gb  fpinit_M.o [4]
__iar_program_start     0x08001d11         Code  Gb  cstartup_M.o [5]
__iar_zero_init3        0x08001ba1   0x40  Code  Gb  zero_init3.o [5]
__low_level_init        0x08001cd7    0x4  Code  Gb  low_level_init.o [3]
__vector_table          0x08000000         Data  Gb  startup_stm32f429xx.o [1]
_call_main              0x08001cc9         Code  Gb  cmain.o [5]
_exit                   0x08001ce1         Code  Gb  cexit.o [5]
_main                   0x08001cd3         Code  Gb  cmain.o [5]
exit                    0x08001cdb    0x4  Code  Gb  exit.o [3]
hdac                    0x200004f4   0x14  Data  Gb  main.o [1]
hi2c3                   0x20000460   0x54  Data  Gb  main.o [1]
hspi1                   0x20000408   0x58  Data  Gb  main.o [1]
huart2                  0x200004b4   0x40  Data  Gb  main.o [1]
main                    0x080015b1   0x9c  Code  Gb  main.o [1]
uwTick                  0x20000508    0x4  Data  Gb  stm32f4xx_hal.o [1]


[1] = D:\Embedded_Project\IAR_Project\ADS1294_F429\EWARM\ADS1294_F429\Obj
[2] = command line
[3] = dl7M_tlf.a
[4] = m7M_tls.a
[5] = rt7M_tl.a
[6] = shb_l.a

  7 766 bytes of readonly  code memory
     50 bytes of readonly  data memory
  1 288 bytes of readwrite data memory

Errors: none
Warnings: none
